
Allocating common symbols
Common symbol       size              file

DAC_InitStructure   0x10              ..\obj\dacmytest.o

Discarded input sections

 .text          0x00000000        0x0 ..\obj\stm32f4xx_syscfg.o
 .data          0x00000000        0x0 ..\obj\stm32f4xx_syscfg.o
 .bss           0x00000000        0x0 ..\obj\stm32f4xx_syscfg.o
 .text.SYSCFG_DeInit
                0x00000000       0x1c ..\obj\stm32f4xx_syscfg.o
 .text.SYSCFG_MemoryRemapConfig
                0x00000000       0x20 ..\obj\stm32f4xx_syscfg.o
 .text.SYSCFG_EXTILineConfig
                0x00000000       0x84 ..\obj\stm32f4xx_syscfg.o
 .text.SYSCFG_ETH_MediaInterfaceConfig
                0x00000000       0x1c ..\obj\stm32f4xx_syscfg.o
 .text.SYSCFG_CompensationCellCmd
                0x00000000       0x20 ..\obj\stm32f4xx_syscfg.o
 .text.SYSCFG_GetCompensationCellStatus
                0x00000000       0x34 ..\obj\stm32f4xx_syscfg.o
 .debug_info    0x00000000      0x26c ..\obj\stm32f4xx_syscfg.o
 .debug_abbrev  0x00000000      0x131 ..\obj\stm32f4xx_syscfg.o
 .debug_aranges
                0x00000000       0x48 ..\obj\stm32f4xx_syscfg.o
 .debug_ranges  0x00000000       0x38 ..\obj\stm32f4xx_syscfg.o
 .debug_line    0x00000000      0x1d0 ..\obj\stm32f4xx_syscfg.o
 .debug_str     0x00000000      0x2f0 ..\obj\stm32f4xx_syscfg.o
 .comment       0x00000000       0x71 ..\obj\stm32f4xx_syscfg.o
 .debug_frame   0x00000000       0xf4 ..\obj\stm32f4xx_syscfg.o
 .ARM.attributes
                0x00000000       0x33 ..\obj\stm32f4xx_syscfg.o
 .text          0x00000000        0x0 ..\obj\stm32f4xx_dac.o
 .data          0x00000000        0x0 ..\obj\stm32f4xx_dac.o
 .bss           0x00000000        0x0 ..\obj\stm32f4xx_dac.o
 .text.DAC_StructInit
                0x00000000       0x2c ..\obj\stm32f4xx_dac.o
 .text.DAC_SoftwareTriggerCmd
                0x00000000       0x4c ..\obj\stm32f4xx_dac.o
 .text.DAC_DualSoftwareTriggerCmd
                0x00000000       0x38 ..\obj\stm32f4xx_dac.o
 .text.DAC_WaveGenerationCmd
                0x00000000       0x4c ..\obj\stm32f4xx_dac.o
 .text.DAC_SetChannel1Data
                0x00000000       0x34 ..\obj\stm32f4xx_dac.o
 .text.DAC_SetChannel2Data
                0x00000000       0x34 ..\obj\stm32f4xx_dac.o
 .text.DAC_SetDualChannelData
                0x00000000       0x58 ..\obj\stm32f4xx_dac.o
 .text.DAC_GetDataOutputValue
                0x00000000       0x34 ..\obj\stm32f4xx_dac.o
 .text.DAC_ITConfig
                0x00000000       0x4c ..\obj\stm32f4xx_dac.o
 .text.DAC_GetFlagStatus
                0x00000000       0x3c ..\obj\stm32f4xx_dac.o
 .text.DAC_ClearFlag
                0x00000000       0x24 ..\obj\stm32f4xx_dac.o
 .text.DAC_GetITStatus
                0x00000000       0x58 ..\obj\stm32f4xx_dac.o
 .text.DAC_ClearITPendingBit
                0x00000000       0x24 ..\obj\stm32f4xx_dac.o
 .text          0x00000000        0x0 ..\obj\startup_stm32f4xx.o
 .data          0x00000000        0x0 ..\obj\startup_stm32f4xx.o
 .bss           0x00000000        0x0 ..\obj\startup_stm32f4xx.o
 .text          0x00000000        0x0 ..\obj\main.o
 .data          0x00000000        0x0 ..\obj\main.o
 .bss           0x00000000        0x0 ..\obj\main.o
 .text          0x00000000        0x0 ..\obj\dacmytest.o
 .bss           0x00000000        0x0 ..\obj\dacmytest.o
 .text          0x00000000        0x0 ..\obj\stm32f4xx_rcc.o
 .data          0x00000000       0x10 ..\obj\stm32f4xx_rcc.o
 .bss           0x00000000        0x0 ..\obj\stm32f4xx_rcc.o
 .text.RCC_DeInit
                0x00000000       0x50 ..\obj\stm32f4xx_rcc.o
 .text.RCC_HSEConfig
                0x00000000       0x24 ..\obj\stm32f4xx_rcc.o
 .text.RCC_WaitForHSEStartUp
                0x00000000       0x50 ..\obj\stm32f4xx_rcc.o
 .text.RCC_AdjustHSICalibrationValue
                0x00000000       0x3c ..\obj\stm32f4xx_rcc.o
 .text.RCC_HSICmd
                0x00000000       0x20 ..\obj\stm32f4xx_rcc.o
 .text.RCC_LSEConfig
                0x00000000       0x40 ..\obj\stm32f4xx_rcc.o
 .text.RCC_LSICmd
                0x00000000       0x20 ..\obj\stm32f4xx_rcc.o
 .text.RCC_PLLConfig
                0x00000000       0x3c ..\obj\stm32f4xx_rcc.o
 .text.RCC_PLLCmd
                0x00000000       0x20 ..\obj\stm32f4xx_rcc.o
 .text.RCC_PLLI2SConfig
                0x00000000       0x28 ..\obj\stm32f4xx_rcc.o
 .text.RCC_PLLI2SCmd
                0x00000000       0x20 ..\obj\stm32f4xx_rcc.o
 .text.RCC_ClockSecuritySystemCmd
                0x00000000       0x20 ..\obj\stm32f4xx_rcc.o
 .text.RCC_MCO1Config
                0x00000000       0x3c ..\obj\stm32f4xx_rcc.o
 .text.RCC_MCO2Config
                0x00000000       0x3c ..\obj\stm32f4xx_rcc.o
 .text.RCC_SYSCLKConfig
                0x00000000       0x38 ..\obj\stm32f4xx_rcc.o
 .text.RCC_GetSYSCLKSource
                0x00000000       0x20 ..\obj\stm32f4xx_rcc.o
 .text.RCC_HCLKConfig
                0x00000000       0x38 ..\obj\stm32f4xx_rcc.o
 .text.RCC_PCLK1Config
                0x00000000       0x38 ..\obj\stm32f4xx_rcc.o
 .text.RCC_PCLK2Config
                0x00000000       0x38 ..\obj\stm32f4xx_rcc.o
 .text.RCC_GetClocksFreq
                0x00000000      0x154 ..\obj\stm32f4xx_rcc.o
 .text.RCC_RTCCLKConfig
                0x00000000       0x5c ..\obj\stm32f4xx_rcc.o
 .text.RCC_RTCCLKCmd
                0x00000000       0x20 ..\obj\stm32f4xx_rcc.o
 .text.RCC_BackupResetCmd
                0x00000000       0x20 ..\obj\stm32f4xx_rcc.o
 .text.RCC_I2SCLKConfig
                0x00000000       0x1c ..\obj\stm32f4xx_rcc.o
 .text.RCC_AHB2PeriphClockCmd
                0x00000000       0x3c ..\obj\stm32f4xx_rcc.o
 .text.RCC_AHB3PeriphClockCmd
                0x00000000       0x3c ..\obj\stm32f4xx_rcc.o
 .text.RCC_APB2PeriphClockCmd
                0x00000000       0x3c ..\obj\stm32f4xx_rcc.o
 .text.RCC_AHB1PeriphResetCmd
                0x00000000       0x3c ..\obj\stm32f4xx_rcc.o
 .text.RCC_AHB2PeriphResetCmd
                0x00000000       0x3c ..\obj\stm32f4xx_rcc.o
 .text.RCC_AHB3PeriphResetCmd
                0x00000000       0x3c ..\obj\stm32f4xx_rcc.o
 .text.RCC_APB2PeriphResetCmd
                0x00000000       0x3c ..\obj\stm32f4xx_rcc.o
 .text.RCC_AHB1PeriphClockLPModeCmd
                0x00000000       0x3c ..\obj\stm32f4xx_rcc.o
 .text.RCC_AHB2PeriphClockLPModeCmd
                0x00000000       0x3c ..\obj\stm32f4xx_rcc.o
 .text.RCC_AHB3PeriphClockLPModeCmd
                0x00000000       0x3c ..\obj\stm32f4xx_rcc.o
 .text.RCC_APB1PeriphClockLPModeCmd
                0x00000000       0x3c ..\obj\stm32f4xx_rcc.o
 .text.RCC_APB2PeriphClockLPModeCmd
                0x00000000       0x3c ..\obj\stm32f4xx_rcc.o
 .text.RCC_ITConfig
                0x00000000       0x4c ..\obj\stm32f4xx_rcc.o
 .text.RCC_GetFlagStatus
                0x00000000       0x74 ..\obj\stm32f4xx_rcc.o
 .text.RCC_ClearFlag
                0x00000000       0x1c ..\obj\stm32f4xx_rcc.o
 .text.RCC_GetITStatus
                0x00000000       0x38 ..\obj\stm32f4xx_rcc.o
 .text.RCC_ClearITPendingBit
                0x00000000       0x20 ..\obj\stm32f4xx_rcc.o
 .text          0x00000000        0x0 ..\obj\stm32f4xx_gpio.o
 .data          0x00000000        0x0 ..\obj\stm32f4xx_gpio.o
 .bss           0x00000000        0x0 ..\obj\stm32f4xx_gpio.o
 .text.GPIO_DeInit
                0x00000000      0x120 ..\obj\stm32f4xx_gpio.o
 .text.GPIO_StructInit
                0x00000000       0x34 ..\obj\stm32f4xx_gpio.o
 .text.GPIO_PinLockConfig
                0x00000000       0x44 ..\obj\stm32f4xx_gpio.o
 .text.GPIO_ReadInputDataBit
                0x00000000       0x34 ..\obj\stm32f4xx_gpio.o
 .text.GPIO_ReadInputData
                0x00000000       0x1c ..\obj\stm32f4xx_gpio.o
 .text.GPIO_ReadOutputDataBit
                0x00000000       0x34 ..\obj\stm32f4xx_gpio.o
 .text.GPIO_ReadOutputData
                0x00000000       0x1c ..\obj\stm32f4xx_gpio.o
 .text.GPIO_SetBits
                0x00000000       0x1c ..\obj\stm32f4xx_gpio.o
 .text.GPIO_ResetBits
                0x00000000       0x1c ..\obj\stm32f4xx_gpio.o
 .text.GPIO_WriteBit
                0x00000000       0x30 ..\obj\stm32f4xx_gpio.o
 .text.GPIO_Write
                0x00000000       0x1c ..\obj\stm32f4xx_gpio.o
 .text.GPIO_ToggleBits
                0x00000000       0x24 ..\obj\stm32f4xx_gpio.o
 .text.GPIO_PinAFConfig
                0x00000000       0x90 ..\obj\stm32f4xx_gpio.o
 .text          0x00000000        0x0 ..\obj\system_stm32f4xx.o
 .data          0x00000000       0x14 ..\obj\system_stm32f4xx.o
 .bss           0x00000000        0x0 ..\obj\system_stm32f4xx.o
 .text.SystemInit
                0x00000000       0x58 ..\obj\system_stm32f4xx.o
 .text.SystemCoreClockUpdate
                0x00000000       0xf8 ..\obj\system_stm32f4xx.o
 .text.SetSysClock
                0x00000000       0xf4 ..\obj\system_stm32f4xx.o
 .debug_info    0x00000000      0x592 ..\obj\system_stm32f4xx.o
 .debug_abbrev  0x00000000      0x136 ..\obj\system_stm32f4xx.o
 .debug_aranges
                0x00000000       0x30 ..\obj\system_stm32f4xx.o
 .debug_ranges  0x00000000       0x20 ..\obj\system_stm32f4xx.o
 .debug_line    0x00000000      0x1ab ..\obj\system_stm32f4xx.o
 .debug_str     0x00000000      0x3a6 ..\obj\system_stm32f4xx.o
 .comment       0x00000000       0x71 ..\obj\system_stm32f4xx.o
 .debug_frame   0x00000000       0x7c ..\obj\system_stm32f4xx.o
 .ARM.attributes
                0x00000000       0x33 ..\obj\system_stm32f4xx.o
 .text          0x00000000        0x0 ..\obj\stm32f4xx_dma.o
 .data          0x00000000        0x0 ..\obj\stm32f4xx_dma.o
 .bss           0x00000000        0x0 ..\obj\stm32f4xx_dma.o
 .text.DMA_StructInit
                0x00000000       0x6c ..\obj\stm32f4xx_dma.o
 .text.DMA_PeriphIncOffsetSizeConfig
                0x00000000       0x34 ..\obj\stm32f4xx_dma.o
 .text.DMA_FlowControllerConfig
                0x00000000       0x34 ..\obj\stm32f4xx_dma.o
 .text.DMA_SetCurrDataCounter
                0x00000000       0x1c ..\obj\stm32f4xx_dma.o
 .text.DMA_GetCurrDataCounter
                0x00000000       0x1c ..\obj\stm32f4xx_dma.o
 .text.DMA_DoubleBufferModeConfig
                0x00000000       0x3c ..\obj\stm32f4xx_dma.o
 .text.DMA_DoubleBufferModeCmd
                0x00000000       0x38 ..\obj\stm32f4xx_dma.o
 .text.DMA_MemoryTargetConfig
                0x00000000       0x2c ..\obj\stm32f4xx_dma.o
 .text.DMA_GetCurrentMemoryTarget
                0x00000000       0x30 ..\obj\stm32f4xx_dma.o
 .text.DMA_GetCmdStatus
                0x00000000       0x30 ..\obj\stm32f4xx_dma.o
 .text.DMA_GetFIFOStatus
                0x00000000       0x24 ..\obj\stm32f4xx_dma.o
 .text.DMA_GetFlagStatus
                0x00000000       0x78 ..\obj\stm32f4xx_dma.o
 .text.DMA_ClearFlag
                0x00000000       0x5c ..\obj\stm32f4xx_dma.o
 .text.DMA_ITConfig
                0x00000000       0x74 ..\obj\stm32f4xx_dma.o
 .text.DMA_GetITStatus
                0x00000000       0xb0 ..\obj\stm32f4xx_dma.o
 .text.DMA_ClearITPendingBit
                0x00000000       0x5c ..\obj\stm32f4xx_dma.o
 .text          0x00000000        0x0 ..\obj\stm32f4xx_exti.o
 .data          0x00000000        0x0 ..\obj\stm32f4xx_exti.o
 .bss           0x00000000        0x0 ..\obj\stm32f4xx_exti.o
 .text.EXTI_DeInit
                0x00000000       0x34 ..\obj\stm32f4xx_exti.o
 .text.EXTI_Init
                0x00000000       0xe4 ..\obj\stm32f4xx_exti.o
 .text.EXTI_StructInit
                0x00000000       0x2c ..\obj\stm32f4xx_exti.o
 .text.EXTI_GenerateSWInterrupt
                0x00000000       0x24 ..\obj\stm32f4xx_exti.o
 .text.EXTI_GetFlagStatus
                0x00000000       0x34 ..\obj\stm32f4xx_exti.o
 .text.EXTI_ClearFlag
                0x00000000       0x1c ..\obj\stm32f4xx_exti.o
 .text.EXTI_GetITStatus
                0x00000000       0x48 ..\obj\stm32f4xx_exti.o
 .text.EXTI_ClearITPendingBit
                0x00000000       0x1c ..\obj\stm32f4xx_exti.o
 .debug_info    0x00000000      0x347 ..\obj\stm32f4xx_exti.o
 .debug_abbrev  0x00000000      0x1a5 ..\obj\stm32f4xx_exti.o
 .debug_aranges
                0x00000000       0x58 ..\obj\stm32f4xx_exti.o
 .debug_ranges  0x00000000       0x48 ..\obj\stm32f4xx_exti.o
 .debug_line    0x00000000      0x25a ..\obj\stm32f4xx_exti.o
 .debug_str     0x00000000      0x355 ..\obj\stm32f4xx_exti.o
 .comment       0x00000000       0x71 ..\obj\stm32f4xx_exti.o
 .debug_frame   0x00000000      0x148 ..\obj\stm32f4xx_exti.o
 .ARM.attributes
                0x00000000       0x33 ..\obj\stm32f4xx_exti.o
 .text          0x00000000        0x0 ..\obj\misc.o
 .data          0x00000000        0x0 ..\obj\misc.o
 .bss           0x00000000        0x0 ..\obj\misc.o
 .text.NVIC_PriorityGroupConfig
                0x00000000       0x24 ..\obj\misc.o
 .text.NVIC_Init
                0x00000000       0xc0 ..\obj\misc.o
 .text.NVIC_SetVectorTable
                0x00000000       0x2c ..\obj\misc.o
 .text.NVIC_SystemLPConfig
                0x00000000       0x40 ..\obj\misc.o
 .text.SysTick_CLKSourceConfig
                0x00000000       0x38 ..\obj\misc.o
 .debug_info    0x00000000      0x53d ..\obj\misc.o
 .debug_abbrev  0x00000000      0x145 ..\obj\misc.o
 .debug_aranges
                0x00000000       0x40 ..\obj\misc.o
 .debug_ranges  0x00000000       0x30 ..\obj\misc.o
 .debug_line    0x00000000      0x1fa ..\obj\misc.o
 .debug_str     0x00000000      0x3ca ..\obj\misc.o
 .comment       0x00000000       0x71 ..\obj\misc.o
 .debug_frame   0x00000000       0xd8 ..\obj\misc.o
 .ARM.attributes
                0x00000000       0x33 ..\obj\misc.o
 .text          0x00000000        0x0 ..\obj\stm32f4xx_tim.o
 .data          0x00000000        0x0 ..\obj\stm32f4xx_tim.o
 .bss           0x00000000        0x0 ..\obj\stm32f4xx_tim.o
 .text.TIM_DeInit
                0x00000000      0x1bc ..\obj\stm32f4xx_tim.o
 .text.TIM_PrescalerConfig
                0x00000000       0x28 ..\obj\stm32f4xx_tim.o
 .text.TIM_CounterModeConfig
                0x00000000       0x38 ..\obj\stm32f4xx_tim.o
 .text.TIM_SetCounter
                0x00000000       0x1c ..\obj\stm32f4xx_tim.o
 .text.TIM_SetAutoreload
                0x00000000       0x1c ..\obj\stm32f4xx_tim.o
 .text.TIM_GetCounter
                0x00000000       0x18 ..\obj\stm32f4xx_tim.o
 .text.TIM_GetPrescaler
                0x00000000       0x1c ..\obj\stm32f4xx_tim.o
 .text.TIM_UpdateDisableConfig
                0x00000000       0x40 ..\obj\stm32f4xx_tim.o
 .text.TIM_UpdateRequestConfig
                0x00000000       0x40 ..\obj\stm32f4xx_tim.o
 .text.TIM_ARRPreloadConfig
                0x00000000       0x40 ..\obj\stm32f4xx_tim.o
 .text.TIM_SelectOnePulseMode
                0x00000000       0x38 ..\obj\stm32f4xx_tim.o
 .text.TIM_SetClockDivision
                0x00000000       0x38 ..\obj\stm32f4xx_tim.o
 .text.TIM_OC1Init
                0x00000000       0xf4 ..\obj\stm32f4xx_tim.o
 .text.TIM_OC2Init
                0x00000000      0x110 ..\obj\stm32f4xx_tim.o
 .text.TIM_OC3Init
                0x00000000      0x10c ..\obj\stm32f4xx_tim.o
 .text.TIM_OC4Init
                0x00000000       0xcc ..\obj\stm32f4xx_tim.o
 .text.TIM_OCStructInit
                0x00000000       0x44 ..\obj\stm32f4xx_tim.o
 .text.TIM_SelectOCxM
                0x00000000       0xb0 ..\obj\stm32f4xx_tim.o
 .text.TIM_SetCompare1
                0x00000000       0x1c ..\obj\stm32f4xx_tim.o
 .text.TIM_SetCompare2
                0x00000000       0x1c ..\obj\stm32f4xx_tim.o
 .text.TIM_SetCompare3
                0x00000000       0x1c ..\obj\stm32f4xx_tim.o
 .text.TIM_SetCompare4
                0x00000000       0x1c ..\obj\stm32f4xx_tim.o
 .text.TIM_ForcedOC1Config
                0x00000000       0x38 ..\obj\stm32f4xx_tim.o
 .text.TIM_ForcedOC2Config
                0x00000000       0x3c ..\obj\stm32f4xx_tim.o
 .text.TIM_ForcedOC3Config
                0x00000000       0x38 ..\obj\stm32f4xx_tim.o
 .text.TIM_ForcedOC4Config
                0x00000000       0x3c ..\obj\stm32f4xx_tim.o
 .text.TIM_OC1PreloadConfig
                0x00000000       0x38 ..\obj\stm32f4xx_tim.o
 .text.TIM_OC2PreloadConfig
                0x00000000       0x3c ..\obj\stm32f4xx_tim.o
 .text.TIM_OC3PreloadConfig
                0x00000000       0x38 ..\obj\stm32f4xx_tim.o
 .text.TIM_OC4PreloadConfig
                0x00000000       0x3c ..\obj\stm32f4xx_tim.o
 .text.TIM_OC1FastConfig
                0x00000000       0x38 ..\obj\stm32f4xx_tim.o
 .text.TIM_OC2FastConfig
                0x00000000       0x3c ..\obj\stm32f4xx_tim.o
 .text.TIM_OC3FastConfig
                0x00000000       0x38 ..\obj\stm32f4xx_tim.o
 .text.TIM_OC4FastConfig
                0x00000000       0x3c ..\obj\stm32f4xx_tim.o
 .text.TIM_ClearOC1Ref
                0x00000000       0x38 ..\obj\stm32f4xx_tim.o
 .text.TIM_ClearOC2Ref
                0x00000000       0x3c ..\obj\stm32f4xx_tim.o
 .text.TIM_ClearOC3Ref
                0x00000000       0x38 ..\obj\stm32f4xx_tim.o
 .text.TIM_ClearOC4Ref
                0x00000000       0x3c ..\obj\stm32f4xx_tim.o
 .text.TIM_OC1PolarityConfig
                0x00000000       0x38 ..\obj\stm32f4xx_tim.o
 .text.TIM_OC1NPolarityConfig
                0x00000000       0x38 ..\obj\stm32f4xx_tim.o
 .text.TIM_OC2PolarityConfig
                0x00000000       0x3c ..\obj\stm32f4xx_tim.o
 .text.TIM_OC2NPolarityConfig
                0x00000000       0x3c ..\obj\stm32f4xx_tim.o
 .text.TIM_OC3PolarityConfig
                0x00000000       0x3c ..\obj\stm32f4xx_tim.o
 .text.TIM_OC3NPolarityConfig
                0x00000000       0x3c ..\obj\stm32f4xx_tim.o
 .text.TIM_OC4PolarityConfig
                0x00000000       0x3c ..\obj\stm32f4xx_tim.o
 .text.TIM_CCxCmd
                0x00000000       0x54 ..\obj\stm32f4xx_tim.o
 .text.TIM_CCxNCmd
                0x00000000       0x54 ..\obj\stm32f4xx_tim.o
 .text.TIM_ICInit
                0x00000000       0xa8 ..\obj\stm32f4xx_tim.o
 .text.TIM_ICStructInit
                0x00000000       0x30 ..\obj\stm32f4xx_tim.o
 .text.TIM_PWMIConfig
                0x00000000       0xb8 ..\obj\stm32f4xx_tim.o
 .text.TIM_GetCapture1
                0x00000000       0x18 ..\obj\stm32f4xx_tim.o
 .text.TIM_GetCapture2
                0x00000000       0x18 ..\obj\stm32f4xx_tim.o
 .text.TIM_GetCapture3
                0x00000000       0x18 ..\obj\stm32f4xx_tim.o
 .text.TIM_GetCapture4
                0x00000000       0x18 ..\obj\stm32f4xx_tim.o
 .text.TIM_SetIC1Prescaler
                0x00000000       0x38 ..\obj\stm32f4xx_tim.o
 .text.TIM_SetIC2Prescaler
                0x00000000       0x3c ..\obj\stm32f4xx_tim.o
 .text.TIM_SetIC3Prescaler
                0x00000000       0x38 ..\obj\stm32f4xx_tim.o
 .text.TIM_SetIC4Prescaler
                0x00000000       0x3c ..\obj\stm32f4xx_tim.o
 .text.TIM_BDTRConfig
                0x00000000       0x50 ..\obj\stm32f4xx_tim.o
 .text.TIM_BDTRStructInit
                0x00000000       0x3c ..\obj\stm32f4xx_tim.o
 .text.TIM_CtrlPWMOutputs
                0x00000000       0x4c ..\obj\stm32f4xx_tim.o
 .text.TIM_SelectCOM
                0x00000000       0x40 ..\obj\stm32f4xx_tim.o
 .text.TIM_CCPreloadControl
                0x00000000       0x40 ..\obj\stm32f4xx_tim.o
 .text.TIM_ITConfig
                0x00000000       0x48 ..\obj\stm32f4xx_tim.o
 .text.TIM_GenerateEvent
                0x00000000       0x1c ..\obj\stm32f4xx_tim.o
 .text.TIM_GetFlagStatus
                0x00000000       0x38 ..\obj\stm32f4xx_tim.o
 .text.TIM_ClearFlag
                0x00000000       0x20 ..\obj\stm32f4xx_tim.o
 .text.TIM_GetITStatus
                0x00000000       0x54 ..\obj\stm32f4xx_tim.o
 .text.TIM_ClearITPendingBit
                0x00000000       0x20 ..\obj\stm32f4xx_tim.o
 .text.TIM_DMAConfig
                0x00000000       0x28 ..\obj\stm32f4xx_tim.o
 .text.TIM_DMACmd
                0x00000000       0x48 ..\obj\stm32f4xx_tim.o
 .text.TIM_SelectCCDMA
                0x00000000       0x40 ..\obj\stm32f4xx_tim.o
 .text.TIM_InternalClockConfig
                0x00000000       0x24 ..\obj\stm32f4xx_tim.o
 .text.TIM_ITRxExternalClockConfig
                0x00000000       0x2c ..\obj\stm32f4xx_tim.o
 .text.TIM_TIxExternalClockConfig
                0x00000000       0x60 ..\obj\stm32f4xx_tim.o
 .text.TIM_ETRClockMode1Config
                0x00000000       0x5c ..\obj\stm32f4xx_tim.o
 .text.TIM_ETRClockMode2Config
                0x00000000       0x3c ..\obj\stm32f4xx_tim.o
 .text.TIM_SelectInputTrigger
                0x00000000       0x38 ..\obj\stm32f4xx_tim.o
 .text.TIM_SelectSlaveMode
                0x00000000       0x38 ..\obj\stm32f4xx_tim.o
 .text.TIM_SelectMasterSlaveMode
                0x00000000       0x38 ..\obj\stm32f4xx_tim.o
 .text.TIM_ETRConfig
                0x00000000       0x54 ..\obj\stm32f4xx_tim.o
 .text.TIM_EncoderInterfaceConfig
                0x00000000       0x98 ..\obj\stm32f4xx_tim.o
 .text.TIM_SelectHallSensor
                0x00000000       0x40 ..\obj\stm32f4xx_tim.o
 .text.TIM_RemapConfig
                0x00000000       0x20 ..\obj\stm32f4xx_tim.o
 .text.TI1_Config
                0x00000000       0x84 ..\obj\stm32f4xx_tim.o
 .text.TI2_Config
                0x00000000       0x98 ..\obj\stm32f4xx_tim.o
 .text.TI3_Config
                0x00000000       0x90 ..\obj\stm32f4xx_tim.o
 .text.TI4_Config
                0x00000000       0x9c ..\obj\stm32f4xx_tim.o

Memory Configuration

Name             Origin             Length             Attributes
rom              0x08000000         0x00100000         xr
ram              0x20000000         0x00020000         xrw
ram1             0x10000000         0x00010000         xrw
*default*        0x00000000         0xffffffff

Linker script and memory map

                0x20020000                _eram = 0x20020000

.text           0x08000000      0xa3c
 *(.isr_vector)
 .isr_vector    0x08000000      0x188 ..\obj\startup_stm32f4xx.o
                0x08000000                g_pfnVectors
 *(.text*)
 .text.DAC_DeInit
                0x08000188       0x1c ..\obj\stm32f4xx_dac.o
                0x08000188                DAC_DeInit
 .text.DAC_Init
                0x080001a4       0x64 ..\obj\stm32f4xx_dac.o
                0x080001a4                DAC_Init
 .text.DAC_Cmd  0x08000208       0x48 ..\obj\stm32f4xx_dac.o
                0x08000208                DAC_Cmd
 .text.DAC_DMACmd
                0x08000250       0x4c ..\obj\stm32f4xx_dac.o
                0x08000250                DAC_DMACmd
 .text.Default_Reset_Handler
                0x0800029c       0x58 ..\obj\startup_stm32f4xx.o
                0x0800029c                Default_Reset_Handler
                0x0800029c                Reset_Handler
 .text.Default_Handler
                0x080002f4        0x8 ..\obj\startup_stm32f4xx.o
                0x080002f4                RTC_Alarm_IRQHandler
                0x080002f4                HASH_RNG_IRQHandler
                0x080002f4                EXTI2_IRQHandler
                0x080002f4                TIM8_CC_IRQHandler
                0x080002f4                DebugMon_Handler
                0x080002f4                TIM1_CC_IRQHandler
                0x080002f4                DMA2_Stream5_IRQHandler
                0x080002f4                HardFault_Handler
                0x080002f4                DMA1_Stream5_IRQHandler
                0x080002f4                SysTick_Handler
                0x080002f4                PVD_IRQHandler
                0x080002f4                SDIO_IRQHandler
                0x080002f4                TAMP_STAMP_IRQHandler
                0x080002f4                PendSV_Handler
                0x080002f4                NMI_Handler
                0x080002f4                CAN2_RX1_IRQHandler
                0x080002f4                EXTI3_IRQHandler
                0x080002f4                TIM8_TRG_COM_TIM14_IRQHandler
                0x080002f4                TIM1_UP_TIM10_IRQHandler
                0x080002f4                TIM8_UP_TIM13_IRQHandler
                0x080002f4                I2C3_ER_IRQHandler
                0x080002f4                EXTI0_IRQHandler
                0x080002f4                I2C2_EV_IRQHandler
                0x080002f4                DMA1_Stream2_IRQHandler
                0x080002f4                CAN1_RX0_IRQHandler
                0x080002f4                FPU_IRQHandler
                0x080002f4                OTG_HS_WKUP_IRQHandler
                0x080002f4                UsageFault_Handler
                0x080002f4                CAN2_SCE_IRQHandler
                0x080002f4                DMA2_Stream2_IRQHandler
                0x080002f4                SPI1_IRQHandler
                0x080002f4                TIM6_DAC_IRQHandler
                0x080002f4                TIM1_BRK_TIM9_IRQHandler
                0x080002f4                DCMI_IRQHandler
                0x080002f4                CAN2_RX0_IRQHandler
                0x080002f4                DMA2_Stream3_IRQHandler
                0x080002f4                USART6_IRQHandler
                0x080002f4                USART3_IRQHandler
                0x080002f4                CRYP_IRQHandler
                0x080002f4                CAN1_RX1_IRQHandler
                0x080002f4                UART5_IRQHandler
                0x080002f4                DMA2_Stream0_IRQHandler
                0x080002f4                TIM4_IRQHandler
                0x080002f4                I2C1_EV_IRQHandler
                0x080002f4                DMA1_Stream6_IRQHandler
                0x080002f4                DMA1_Stream1_IRQHandler
                0x080002f4                UART4_IRQHandler
                0x080002f4                TIM3_IRQHandler
                0x080002f4                RCC_IRQHandler
                0x080002f4                TIM8_BRK_TIM12_IRQHandler
                0x080002f4                EXTI15_10_IRQHandler
                0x080002f4                ADC_IRQHandler
                0x080002f4                DMA1_Stream7_IRQHandler
                0x080002f4                TIM7_IRQHandler
                0x080002f4                CAN2_TX_IRQHandler
                0x080002f4                TIM5_IRQHandler
                0x080002f4                DMA2_Stream7_IRQHandler
                0x080002f4                I2C3_EV_IRQHandler
                0x080002f4                EXTI9_5_IRQHandler
                0x080002f4                RTC_WKUP_IRQHandler
                0x080002f4                ETH_WKUP_IRQHandler
                0x080002f4                SPI2_IRQHandler
                0x080002f4                OTG_HS_EP1_IN_IRQHandler
                0x080002f4                MemManage_Handler
                0x080002f4                DMA1_Stream0_IRQHandler
                0x080002f4                CAN1_TX_IRQHandler
                0x080002f4                SVC_Handler
                0x080002f4                EXTI4_IRQHandler
                0x080002f4                FSMC_IRQHandler
                0x080002f4                ETH_IRQHandler
                0x080002f4                OTG_HS_EP1_OUT_IRQHandler
                0x080002f4                WWDG_IRQHandler
                0x080002f4                TIM2_IRQHandler
                0x080002f4                OTG_FS_WKUP_IRQHandler
                0x080002f4                TIM1_TRG_COM_TIM11_IRQHandler
                0x080002f4                OTG_HS_IRQHandler
                0x080002f4                EXTI1_IRQHandler
                0x080002f4                USART2_IRQHandler
                0x080002f4                I2C2_ER_IRQHandler
                0x080002f4                DMA2_Stream1_IRQHandler
                0x080002f4                CAN1_SCE_IRQHandler
                0x080002f4                FLASH_IRQHandler
                0x080002f4                DMA2_Stream4_IRQHandler
                0x080002f4                BusFault_Handler
                0x080002f4                USART1_IRQHandler
                0x080002f4                OTG_FS_IRQHandler
                0x080002f4                SPI3_IRQHandler
                0x080002f4                DMA1_Stream4_IRQHandler
                0x080002f4                I2C1_ER_IRQHandler
                0x080002f4                DMA2_Stream6_IRQHandler
                0x080002f4                DMA1_Stream3_IRQHandler
 .text.main     0x080002fc        0xc ..\obj\main.o
                0x080002fc                main
 .text.DAC_SignalsGenerate
                0x08000308       0x58 ..\obj\dacmytest.o
                0x08000308                DAC_SignalsGenerate
 .text.TIM6_Config
                0x08000360       0x4c ..\obj\dacmytest.o
                0x08000360                TIM6_Config
 .text.DAC_Ch2_SineWaveConfig
                0x080003ac       0xa8 ..\obj\dacmytest.o
                0x080003ac                DAC_Ch2_SineWaveConfig
 .text.RCC_AHB1PeriphClockCmd
                0x08000454       0x3c ..\obj\stm32f4xx_rcc.o
                0x08000454                RCC_AHB1PeriphClockCmd
 .text.RCC_APB1PeriphClockCmd
                0x08000490       0x3c ..\obj\stm32f4xx_rcc.o
                0x08000490                RCC_APB1PeriphClockCmd
 .text.RCC_APB1PeriphResetCmd
                0x080004cc       0x3c ..\obj\stm32f4xx_rcc.o
                0x080004cc                RCC_APB1PeriphResetCmd
 .text.GPIO_Init
                0x08000508      0x11c ..\obj\stm32f4xx_gpio.o
                0x08000508                GPIO_Init
 .text.DMA_DeInit
                0x08000624      0x1a4 ..\obj\stm32f4xx_dma.o
                0x08000624                DMA_DeInit
 .text.DMA_Init
                0x080007c8       0xac ..\obj\stm32f4xx_dma.o
                0x080007c8                DMA_Init
 .text.DMA_Cmd  0x08000874       0x38 ..\obj\stm32f4xx_dma.o
                0x08000874                DMA_Cmd
 .text.TIM_TimeBaseInit
                0x080008ac       0xd4 ..\obj\stm32f4xx_tim.o
                0x080008ac                TIM_TimeBaseInit
 .text.TIM_TimeBaseStructInit
                0x08000980       0x34 ..\obj\stm32f4xx_tim.o
                0x08000980                TIM_TimeBaseStructInit
 .text.TIM_Cmd  0x080009b4       0x40 ..\obj\stm32f4xx_tim.o
                0x080009b4                TIM_Cmd
 .text.TIM_SelectOutputTrigger
                0x080009f4       0x38 ..\obj\stm32f4xx_tim.o
                0x080009f4                TIM_SelectOutputTrigger
 *(.init)
 *(.fini)
 *crtbegin.o(.ctors)
 *crtbegin?.o(.ctors)
 *(EXCLUDE_FILE(*crtend.o *crtend?.o) .ctors)
 *(SORT(.ctors.*))
 *(.ctors)
 *crtbegin.o(.dtors)
 *crtbegin?.o(.dtors)
 *(EXCLUDE_FILE(*crtend.o *crtend?.o) .dtors)
 *(SORT(.dtors.*))
 *(.dtors)
 *(.rodata*)
 .rodata        0x08000a2c       0x10 ..\obj\dacmytest.o
                0x08000a2c                Sine12bit
 *(.eh_fram e*)

.glue_7         0x08000a3c        0x0
 .glue_7        0x00000000        0x0 linker stubs

.glue_7t        0x08000a3c        0x0
 .glue_7t       0x00000000        0x0 linker stubs

.vfp11_veneer   0x08000a3c        0x0
 .vfp11_veneer  0x00000000        0x0 linker stubs

.v4_bx          0x08000a3c        0x0
 .v4_bx         0x00000000        0x0 linker stubs

.iplt           0x08000a3c        0x0
 .iplt          0x00000000        0x0 ..\obj\stm32f4xx_syscfg.o

.rel.dyn        0x08000a3c        0x0
 .rel.iplt      0x00000000        0x0 ..\obj\stm32f4xx_syscfg.o

.ARM.extab
 *(.ARM.extab* .gnu.linkonce.armextab.*)
                0x08000a3c                __exidx_start = .

.ARM.exidx
 *(.ARM.exidx* .gnu.linkonce.armexidx.*)
                0x08000a3c                __exidx_end = .
                0x08000a3c                __etext = .
                0x08000a3c                _sidata = __etext

.data           0x20000000        0x4 load address 0x08000a3c
                0x20000000                __data_start__ = .
                0x20000000                _sdata = __data_start__
 *(vtable)
 *(.data*)
 .data          0x20000000        0x1 ..\obj\dacmytest.o
                0x20000000                KeyPressed
                0x20000004                . = ALIGN (0x4)
 *fill*         0x20000001        0x3 
                0x20000004                PROVIDE (__preinit_array_start, .)
 *(.preinit_array)
                0x20000004                PROVIDE (__preinit_array_end, .)
                0x20000004                . = ALIGN (0x4)
                0x20000004                PROVIDE (__init_array_start, .)
 *(SORT(.init_array.*))
 *(.init_array)
                0x20000004                PROVIDE (__init_array_end, .)
                0x20000004                . = ALIGN (0x4)
                0x20000004                PROVIDE (__fini_array_start, .)
 *(SORT(.fini_array.*))
 *(.fini_array)
                0x20000004                PROVIDE (__fini_array_end, .)
 *(.jcr*)
                0x20000004                . = ALIGN (0x4)
                0x20000004                __data_end__ = .
                0x20000004                _edata = __data_end__

.igot.plt       0x20000004        0x0 load address 0x08000a40
 .igot.plt      0x00000000        0x0 ..\obj\stm32f4xx_syscfg.o

.bss            0x20000004       0x10 load address 0x08000a40
                0x20000004                . = ALIGN (0x4)
                0x20000004                __bss_start__ = .
                0x20000004                _sbss = __bss_start__
 *(.bss*)
 *(COMMON)
 COMMON         0x20000004       0x10 ..\obj\dacmytest.o
                0x20000004                DAC_InitStructure
                0x20000014                . = ALIGN (0x4)
                0x20000014                __bss_end__ = .
                0x20000014                _ebss = __bss_end__

.heap           0x20000014        0x0
                0x20000014                __end__ = .
                0x20000014                _end = __end__
                0x20000014                end = __end__
 *(.heap*)
                0x20000014                __HeapLimit = .

.co_stack       0x20000014      0x804 load address 0x08000a50
                0x20000018                . = ALIGN (0x8)
 *fill*         0x20000014        0x4 
 *(.co_stack .co_stack.*)
 .co_stack      0x20000018      0x800 ..\obj\startup_stm32f4xx.o
                0x20000018                pulStack
                0x20020000                __StackTop = (ORIGIN (ram) + 0x20000)
                0x2001f7fc                __StackLimit = (__StackTop - SIZEOF (.co_stack))
                0x20020000                PROVIDE (__stack, __StackTop)
                0x00000001                ASSERT ((__StackLimit >= __HeapLimit), region ram  overflowed with stack)
LOAD ..\obj\stm32f4xx_syscfg.o
LOAD ..\obj\stm32f4xx_dac.o
LOAD ..\obj\startup_stm32f4xx.o
LOAD ..\obj\main.o
LOAD ..\obj\dacmytest.o
LOAD ..\obj\stm32f4xx_rcc.o
LOAD ..\obj\stm32f4xx_gpio.o
LOAD ..\obj\system_stm32f4xx.o
LOAD ..\obj\stm32f4xx_dma.o
LOAD ..\obj\stm32f4xx_exti.o
LOAD ..\obj\misc.o
LOAD ..\obj\stm32f4xx_tim.o
START GROUP
LOAD c:/coocox/coide/gcc/bin/../lib/gcc/arm-none-eabi/4.9.3/armv7e-m\libgcc.a
LOAD c:/coocox/coide/gcc/bin/../lib/gcc/arm-none-eabi/4.9.3/../../../../arm-none-eabi/lib/armv7e-m\libg.a
LOAD c:/coocox/coide/gcc/bin/../lib/gcc/arm-none-eabi/4.9.3/../../../../arm-none-eabi/lib/armv7e-m\libc.a
END GROUP
OUTPUT(dacmytest.elf elf32-littlearm)

.debug_info     0x00000000     0x446a
 .debug_info    0x00000000      0x63a ..\obj\stm32f4xx_dac.o
 .debug_info    0x0000063a       0xed ..\obj\startup_stm32f4xx.o
 .debug_info    0x00000727       0x50 ..\obj\main.o
 .debug_info    0x00000777      0x70a ..\obj\dacmytest.o
 .debug_info    0x00000e81      0xc4d ..\obj\stm32f4xx_rcc.o
 .debug_info    0x00001ace      0x602 ..\obj\stm32f4xx_gpio.o
 .debug_info    0x000020d0      0x739 ..\obj\stm32f4xx_dma.o
 .debug_info    0x00002809     0x1c61 ..\obj\stm32f4xx_tim.o

.debug_abbrev   0x00000000      0x9fd
 .debug_abbrev  0x00000000      0x17c ..\obj\stm32f4xx_dac.o
 .debug_abbrev  0x0000017c       0xb0 ..\obj\startup_stm32f4xx.o
 .debug_abbrev  0x0000022c       0x4f ..\obj\main.o
 .debug_abbrev  0x0000027b      0x120 ..\obj\dacmytest.o
 .debug_abbrev  0x0000039b      0x1e3 ..\obj\stm32f4xx_rcc.o
 .debug_abbrev  0x0000057e      0x1a3 ..\obj\stm32f4xx_gpio.o
 .debug_abbrev  0x00000721      0x155 ..\obj\stm32f4xx_dma.o
 .debug_abbrev  0x00000876      0x187 ..\obj\stm32f4xx_tim.o

.debug_aranges  0x00000000      0x6c0
 .debug_aranges
                0x00000000       0xa0 ..\obj\stm32f4xx_dac.o
 .debug_aranges
                0x000000a0       0x28 ..\obj\startup_stm32f4xx.o
 .debug_aranges
                0x000000c8       0x20 ..\obj\main.o
 .debug_aranges
                0x000000e8       0x30 ..\obj\dacmytest.o
 .debug_aranges
                0x00000118      0x178 ..\obj\stm32f4xx_rcc.o
 .debug_aranges
                0x00000290       0x88 ..\obj\stm32f4xx_gpio.o
 .debug_aranges
                0x00000318       0xb0 ..\obj\stm32f4xx_dma.o
 .debug_aranges
                0x000003c8      0x2f8 ..\obj\stm32f4xx_tim.o

.debug_ranges   0x00000000      0x640
 .debug_ranges  0x00000000       0x90 ..\obj\stm32f4xx_dac.o
 .debug_ranges  0x00000090       0x18 ..\obj\startup_stm32f4xx.o
 .debug_ranges  0x000000a8       0x10 ..\obj\main.o
 .debug_ranges  0x000000b8       0x20 ..\obj\dacmytest.o
 .debug_ranges  0x000000d8      0x168 ..\obj\stm32f4xx_rcc.o
 .debug_ranges  0x00000240       0x78 ..\obj\stm32f4xx_gpio.o
 .debug_ranges  0x000002b8       0xa0 ..\obj\stm32f4xx_dma.o
 .debug_ranges  0x00000358      0x2e8 ..\obj\stm32f4xx_tim.o

.debug_line     0x00000000     0x1c29
 .debug_line    0x00000000      0x30d ..\obj\stm32f4xx_dac.o
 .debug_line    0x0000030d       0x9d ..\obj\startup_stm32f4xx.o
 .debug_line    0x000003aa       0x5a ..\obj\main.o
 .debug_line    0x00000404      0x227 ..\obj\dacmytest.o
 .debug_line    0x0000062b      0x556 ..\obj\stm32f4xx_rcc.o
 .debug_line    0x00000b81      0x2f8 ..\obj\stm32f4xx_gpio.o
 .debug_line    0x00000e79      0x391 ..\obj\stm32f4xx_dma.o
 .debug_line    0x0000120a      0xa1f ..\obj\stm32f4xx_tim.o

.debug_str      0x00000000     0x1e27
 .debug_str     0x00000000      0x3d5 ..\obj\stm32f4xx_dac.o
                                0x44f (size before relaxing)
 .debug_str     0x000003d5       0xac ..\obj\startup_stm32f4xx.o
                                0x143 (size before relaxing)
 .debug_str     0x00000481       0x44 ..\obj\main.o
                                 0xc0 (size before relaxing)
 .debug_str     0x000004c5      0x4a6 ..\obj\dacmytest.o
                                0x692 (size before relaxing)
 .debug_str     0x0000096b      0x638 ..\obj\stm32f4xx_rcc.o
                                0x84c (size before relaxing)
 .debug_str     0x00000fa3      0x19f ..\obj\stm32f4xx_gpio.o
                                0x49f (size before relaxing)
 .debug_str     0x00001142      0x263 ..\obj\stm32f4xx_dma.o
                                0x53e (size before relaxing)
 .debug_str     0x000013a5      0xa82 ..\obj\stm32f4xx_tim.o
                                0xdcc (size before relaxing)

.comment        0x00000000       0x70
 .comment       0x00000000       0x70 ..\obj\stm32f4xx_dac.o
                                 0x71 (size before relaxing)
 .comment       0x00000000       0x71 ..\obj\startup_stm32f4xx.o
 .comment       0x00000000       0x71 ..\obj\main.o
 .comment       0x00000000       0x71 ..\obj\dacmytest.o
 .comment       0x00000000       0x71 ..\obj\stm32f4xx_rcc.o
 .comment       0x00000000       0x71 ..\obj\stm32f4xx_gpio.o
 .comment       0x00000000       0x71 ..\obj\stm32f4xx_dma.o
 .comment       0x00000000       0x71 ..\obj\stm32f4xx_tim.o

.ARM.attributes
                0x00000000       0x33
 .ARM.attributes
                0x00000000       0x33 ..\obj\stm32f4xx_dac.o
 .ARM.attributes
                0x00000033       0x33 ..\obj\startup_stm32f4xx.o
 .ARM.attributes
                0x00000066       0x33 ..\obj\main.o
 .ARM.attributes
                0x00000099       0x33 ..\obj\dacmytest.o
 .ARM.attributes
                0x000000cc       0x33 ..\obj\stm32f4xx_rcc.o
 .ARM.attributes
                0x000000ff       0x33 ..\obj\stm32f4xx_gpio.o
 .ARM.attributes
                0x00000132       0x33 ..\obj\stm32f4xx_dma.o
 .ARM.attributes
                0x00000165       0x33 ..\obj\stm32f4xx_tim.o

.debug_frame    0x00000000     0x1e08
 .debug_frame   0x00000000      0x2ac ..\obj\stm32f4xx_dac.o
 .debug_frame   0x000002ac       0x4c ..\obj\startup_stm32f4xx.o
 .debug_frame   0x000002f8       0x2c ..\obj\main.o
 .debug_frame   0x00000324       0x78 ..\obj\dacmytest.o
 .debug_frame   0x0000039c      0x6d4 ..\obj\stm32f4xx_rcc.o
 .debug_frame   0x00000a70      0x23c ..\obj\stm32f4xx_gpio.o
 .debug_frame   0x00000cac      0x308 ..\obj\stm32f4xx_dma.o
 .debug_frame   0x00000fb4      0xe54 ..\obj\stm32f4xx_tim.o
