
Allocating common symbols
Common symbol       size              file

ADCResult           0x2               ..\obj\main.o

Discarded input sections

 .text          0x00000000        0x0 ..\obj\startup_stm32f4xx.o
 .data          0x00000000        0x0 ..\obj\startup_stm32f4xx.o
 .bss           0x00000000        0x0 ..\obj\startup_stm32f4xx.o
 .text          0x00000000        0x0 ..\obj\main.o
 .data          0x00000000        0x0 ..\obj\main.o
 .bss           0x00000000        0x0 ..\obj\main.o
 .text          0x00000000        0x0 ..\obj\stm32f4xx_rcc.o
 .data          0x00000000       0x10 ..\obj\stm32f4xx_rcc.o
 .bss           0x00000000        0x0 ..\obj\stm32f4xx_rcc.o
 .text.RCC_DeInit
                0x00000000       0x50 ..\obj\stm32f4xx_rcc.o
 .text.RCC_HSEConfig
                0x00000000       0x24 ..\obj\stm32f4xx_rcc.o
 .text.RCC_WaitForHSEStartUp
                0x00000000       0x50 ..\obj\stm32f4xx_rcc.o
 .text.RCC_AdjustHSICalibrationValue
                0x00000000       0x3c ..\obj\stm32f4xx_rcc.o
 .text.RCC_HSICmd
                0x00000000       0x20 ..\obj\stm32f4xx_rcc.o
 .text.RCC_LSEConfig
                0x00000000       0x40 ..\obj\stm32f4xx_rcc.o
 .text.RCC_LSICmd
                0x00000000       0x20 ..\obj\stm32f4xx_rcc.o
 .text.RCC_PLLConfig
                0x00000000       0x3c ..\obj\stm32f4xx_rcc.o
 .text.RCC_PLLCmd
                0x00000000       0x20 ..\obj\stm32f4xx_rcc.o
 .text.RCC_PLLI2SConfig
                0x00000000       0x28 ..\obj\stm32f4xx_rcc.o
 .text.RCC_PLLI2SCmd
                0x00000000       0x20 ..\obj\stm32f4xx_rcc.o
 .text.RCC_ClockSecuritySystemCmd
                0x00000000       0x20 ..\obj\stm32f4xx_rcc.o
 .text.RCC_MCO1Config
                0x00000000       0x3c ..\obj\stm32f4xx_rcc.o
 .text.RCC_MCO2Config
                0x00000000       0x3c ..\obj\stm32f4xx_rcc.o
 .text.RCC_SYSCLKConfig
                0x00000000       0x38 ..\obj\stm32f4xx_rcc.o
 .text.RCC_GetSYSCLKSource
                0x00000000       0x20 ..\obj\stm32f4xx_rcc.o
 .text.RCC_HCLKConfig
                0x00000000       0x38 ..\obj\stm32f4xx_rcc.o
 .text.RCC_PCLK1Config
                0x00000000       0x38 ..\obj\stm32f4xx_rcc.o
 .text.RCC_PCLK2Config
                0x00000000       0x38 ..\obj\stm32f4xx_rcc.o
 .text.RCC_GetClocksFreq
                0x00000000      0x154 ..\obj\stm32f4xx_rcc.o
 .text.RCC_RTCCLKConfig
                0x00000000       0x5c ..\obj\stm32f4xx_rcc.o
 .text.RCC_RTCCLKCmd
                0x00000000       0x20 ..\obj\stm32f4xx_rcc.o
 .text.RCC_BackupResetCmd
                0x00000000       0x20 ..\obj\stm32f4xx_rcc.o
 .text.RCC_I2SCLKConfig
                0x00000000       0x1c ..\obj\stm32f4xx_rcc.o
 .text.RCC_AHB2PeriphClockCmd
                0x00000000       0x3c ..\obj\stm32f4xx_rcc.o
 .text.RCC_AHB3PeriphClockCmd
                0x00000000       0x3c ..\obj\stm32f4xx_rcc.o
 .text.RCC_APB1PeriphClockCmd
                0x00000000       0x3c ..\obj\stm32f4xx_rcc.o
 .text.RCC_AHB1PeriphResetCmd
                0x00000000       0x3c ..\obj\stm32f4xx_rcc.o
 .text.RCC_AHB2PeriphResetCmd
                0x00000000       0x3c ..\obj\stm32f4xx_rcc.o
 .text.RCC_AHB3PeriphResetCmd
                0x00000000       0x3c ..\obj\stm32f4xx_rcc.o
 .text.RCC_APB1PeriphResetCmd
                0x00000000       0x3c ..\obj\stm32f4xx_rcc.o
 .text.RCC_APB2PeriphResetCmd
                0x00000000       0x3c ..\obj\stm32f4xx_rcc.o
 .text.RCC_AHB1PeriphClockLPModeCmd
                0x00000000       0x3c ..\obj\stm32f4xx_rcc.o
 .text.RCC_AHB2PeriphClockLPModeCmd
                0x00000000       0x3c ..\obj\stm32f4xx_rcc.o
 .text.RCC_AHB3PeriphClockLPModeCmd
                0x00000000       0x3c ..\obj\stm32f4xx_rcc.o
 .text.RCC_APB1PeriphClockLPModeCmd
                0x00000000       0x3c ..\obj\stm32f4xx_rcc.o
 .text.RCC_APB2PeriphClockLPModeCmd
                0x00000000       0x3c ..\obj\stm32f4xx_rcc.o
 .text.RCC_ITConfig
                0x00000000       0x4c ..\obj\stm32f4xx_rcc.o
 .text.RCC_GetFlagStatus
                0x00000000       0x74 ..\obj\stm32f4xx_rcc.o
 .text.RCC_ClearFlag
                0x00000000       0x1c ..\obj\stm32f4xx_rcc.o
 .text.RCC_GetITStatus
                0x00000000       0x38 ..\obj\stm32f4xx_rcc.o
 .text.RCC_ClearITPendingBit
                0x00000000       0x20 ..\obj\stm32f4xx_rcc.o
 .text          0x00000000        0x0 ..\obj\stm32f4xx_adc.o
 .data          0x00000000        0x0 ..\obj\stm32f4xx_adc.o
 .bss           0x00000000        0x0 ..\obj\stm32f4xx_adc.o
 .text.ADC_DeInit
                0x00000000       0x1c ..\obj\stm32f4xx_adc.o
 .text.ADC_CommonStructInit
                0x00000000       0x2c ..\obj\stm32f4xx_adc.o
 .text.ADC_AnalogWatchdogCmd
                0x00000000       0x38 ..\obj\stm32f4xx_adc.o
 .text.ADC_AnalogWatchdogThresholdsConfig
                0x00000000       0x28 ..\obj\stm32f4xx_adc.o
 .text.ADC_AnalogWatchdogSingleChannelConfig
                0x00000000       0x38 ..\obj\stm32f4xx_adc.o
 .text.ADC_TempSensorVrefintCmd
                0x00000000       0x38 ..\obj\stm32f4xx_adc.o
 .text.ADC_VBATCmd
                0x00000000       0x38 ..\obj\stm32f4xx_adc.o
 .text.ADC_GetSoftwareStartConvStatus
                0x00000000       0x30 ..\obj\stm32f4xx_adc.o
 .text.ADC_ContinuousModeCmd
                0x00000000       0x38 ..\obj\stm32f4xx_adc.o
 .text.ADC_DiscModeChannelCountConfig
                0x00000000       0x44 ..\obj\stm32f4xx_adc.o
 .text.ADC_DiscModeCmd
                0x00000000       0x38 ..\obj\stm32f4xx_adc.o
 .text.ADC_GetMultiModeConversionValue
                0x00000000       0x18 ..\obj\stm32f4xx_adc.o
 .text.ADC_DMACmd
                0x00000000       0x38 ..\obj\stm32f4xx_adc.o
 .text.ADC_DMARequestAfterLastTransferCmd
                0x00000000       0x38 ..\obj\stm32f4xx_adc.o
 .text.ADC_MultiModeDMARequestAfterLastTransferCmd
                0x00000000       0x38 ..\obj\stm32f4xx_adc.o
 .text.ADC_InjectedChannelConfig
                0x00000000      0x120 ..\obj\stm32f4xx_adc.o
 .text.ADC_InjectedSequencerLengthConfig
                0x00000000       0x44 ..\obj\stm32f4xx_adc.o
 .text.ADC_SetInjectedOffset
                0x00000000       0x34 ..\obj\stm32f4xx_adc.o
 .text.ADC_ExternalTrigInjectedConvConfig
                0x00000000       0x34 ..\obj\stm32f4xx_adc.o
 .text.ADC_ExternalTrigInjectedConvEdgeConfig
                0x00000000       0x34 ..\obj\stm32f4xx_adc.o
 .text.ADC_SoftwareStartInjectedConv
                0x00000000       0x20 ..\obj\stm32f4xx_adc.o
 .text.ADC_GetSoftwareStartInjectedConvCmdStatus
                0x00000000       0x30 ..\obj\stm32f4xx_adc.o
 .text.ADC_AutoInjectedConvCmd
                0x00000000       0x38 ..\obj\stm32f4xx_adc.o
 .text.ADC_InjectedDiscModeCmd
                0x00000000       0x38 ..\obj\stm32f4xx_adc.o
 .text.ADC_GetInjectedConversionValue
                0x00000000       0x30 ..\obj\stm32f4xx_adc.o
 .text.ADC_ITConfig
                0x00000000       0x50 ..\obj\stm32f4xx_adc.o
 .text.ADC_ClearFlag
                0x00000000       0x20 ..\obj\stm32f4xx_adc.o
 .text.ADC_GetITStatus
                0x00000000       0x5c ..\obj\stm32f4xx_adc.o
 .text.ADC_ClearITPendingBit
                0x00000000       0x2c ..\obj\stm32f4xx_adc.o
 .text          0x00000000        0x0 ..\obj\stm32f4xx_gpio.o
 .data          0x00000000        0x0 ..\obj\stm32f4xx_gpio.o
 .bss           0x00000000        0x0 ..\obj\stm32f4xx_gpio.o
 .text.GPIO_DeInit
                0x00000000      0x120 ..\obj\stm32f4xx_gpio.o
 .text.GPIO_PinLockConfig
                0x00000000       0x44 ..\obj\stm32f4xx_gpio.o
 .text.GPIO_ReadInputDataBit
                0x00000000       0x34 ..\obj\stm32f4xx_gpio.o
 .text.GPIO_ReadInputData
                0x00000000       0x1c ..\obj\stm32f4xx_gpio.o
 .text.GPIO_ReadOutputDataBit
                0x00000000       0x34 ..\obj\stm32f4xx_gpio.o
 .text.GPIO_ReadOutputData
                0x00000000       0x1c ..\obj\stm32f4xx_gpio.o
 .text.GPIO_SetBits
                0x00000000       0x1c ..\obj\stm32f4xx_gpio.o
 .text.GPIO_ResetBits
                0x00000000       0x1c ..\obj\stm32f4xx_gpio.o
 .text.GPIO_WriteBit
                0x00000000       0x30 ..\obj\stm32f4xx_gpio.o
 .text.GPIO_Write
                0x00000000       0x1c ..\obj\stm32f4xx_gpio.o
 .text.GPIO_ToggleBits
                0x00000000       0x24 ..\obj\stm32f4xx_gpio.o
 .text.GPIO_PinAFConfig
                0x00000000       0x90 ..\obj\stm32f4xx_gpio.o
 .text          0x00000000        0x0 ..\obj\system_stm32f4xx.o
 .data          0x00000000       0x14 ..\obj\system_stm32f4xx.o
 .bss           0x00000000        0x0 ..\obj\system_stm32f4xx.o
 .text.SystemInit
                0x00000000       0x58 ..\obj\system_stm32f4xx.o
 .text.SystemCoreClockUpdate
                0x00000000       0xf8 ..\obj\system_stm32f4xx.o
 .text.SetSysClock
                0x00000000       0xf4 ..\obj\system_stm32f4xx.o
 .debug_info    0x00000000      0x592 ..\obj\system_stm32f4xx.o
 .debug_abbrev  0x00000000      0x136 ..\obj\system_stm32f4xx.o
 .debug_aranges
                0x00000000       0x30 ..\obj\system_stm32f4xx.o
 .debug_ranges  0x00000000       0x20 ..\obj\system_stm32f4xx.o
 .debug_line    0x00000000      0x1a7 ..\obj\system_stm32f4xx.o
 .debug_str     0x00000000      0x3a4 ..\obj\system_stm32f4xx.o
 .comment       0x00000000       0x71 ..\obj\system_stm32f4xx.o
 .debug_frame   0x00000000       0x7c ..\obj\system_stm32f4xx.o
 .ARM.attributes
                0x00000000       0x33 ..\obj\system_stm32f4xx.o

Memory Configuration

Name             Origin             Length             Attributes
rom              0x08000000         0x00100000         xr
ram              0x20000000         0x00020000         xrw
ram1             0x10000000         0x00010000         xrw
*default*        0x00000000         0xffffffff

Linker script and memory map

                0x20020000                _eram = 0x20020000

.text           0x08000000      0x854
 *(.isr_vector)
 .isr_vector    0x08000000      0x188 ..\obj\startup_stm32f4xx.o
                0x08000000                g_pfnVectors
 *(.text*)
 .text.Default_Reset_Handler
                0x08000188       0x58 ..\obj\startup_stm32f4xx.o
                0x08000188                Default_Reset_Handler
                0x08000188                Reset_Handler
 .text.Default_Handler
                0x080001e0        0x8 ..\obj\startup_stm32f4xx.o
                0x080001e0                RTC_Alarm_IRQHandler
                0x080001e0                HASH_RNG_IRQHandler
                0x080001e0                EXTI2_IRQHandler
                0x080001e0                TIM8_CC_IRQHandler
                0x080001e0                DebugMon_Handler
                0x080001e0                TIM1_CC_IRQHandler
                0x080001e0                DMA2_Stream5_IRQHandler
                0x080001e0                HardFault_Handler
                0x080001e0                DMA1_Stream5_IRQHandler
                0x080001e0                SysTick_Handler
                0x080001e0                PVD_IRQHandler
                0x080001e0                SDIO_IRQHandler
                0x080001e0                TAMP_STAMP_IRQHandler
                0x080001e0                PendSV_Handler
                0x080001e0                NMI_Handler
                0x080001e0                CAN2_RX1_IRQHandler
                0x080001e0                EXTI3_IRQHandler
                0x080001e0                TIM8_TRG_COM_TIM14_IRQHandler
                0x080001e0                TIM1_UP_TIM10_IRQHandler
                0x080001e0                TIM8_UP_TIM13_IRQHandler
                0x080001e0                I2C3_ER_IRQHandler
                0x080001e0                EXTI0_IRQHandler
                0x080001e0                I2C2_EV_IRQHandler
                0x080001e0                DMA1_Stream2_IRQHandler
                0x080001e0                CAN1_RX0_IRQHandler
                0x080001e0                FPU_IRQHandler
                0x080001e0                OTG_HS_WKUP_IRQHandler
                0x080001e0                UsageFault_Handler
                0x080001e0                CAN2_SCE_IRQHandler
                0x080001e0                DMA2_Stream2_IRQHandler
                0x080001e0                SPI1_IRQHandler
                0x080001e0                TIM6_DAC_IRQHandler
                0x080001e0                TIM1_BRK_TIM9_IRQHandler
                0x080001e0                DCMI_IRQHandler
                0x080001e0                CAN2_RX0_IRQHandler
                0x080001e0                DMA2_Stream3_IRQHandler
                0x080001e0                USART6_IRQHandler
                0x080001e0                USART3_IRQHandler
                0x080001e0                CRYP_IRQHandler
                0x080001e0                CAN1_RX1_IRQHandler
                0x080001e0                UART5_IRQHandler
                0x080001e0                DMA2_Stream0_IRQHandler
                0x080001e0                TIM4_IRQHandler
                0x080001e0                I2C1_EV_IRQHandler
                0x080001e0                DMA1_Stream6_IRQHandler
                0x080001e0                DMA1_Stream1_IRQHandler
                0x080001e0                UART4_IRQHandler
                0x080001e0                TIM3_IRQHandler
                0x080001e0                RCC_IRQHandler
                0x080001e0                TIM8_BRK_TIM12_IRQHandler
                0x080001e0                EXTI15_10_IRQHandler
                0x080001e0                ADC_IRQHandler
                0x080001e0                DMA1_Stream7_IRQHandler
                0x080001e0                TIM7_IRQHandler
                0x080001e0                CAN2_TX_IRQHandler
                0x080001e0                TIM5_IRQHandler
                0x080001e0                DMA2_Stream7_IRQHandler
                0x080001e0                I2C3_EV_IRQHandler
                0x080001e0                EXTI9_5_IRQHandler
                0x080001e0                RTC_WKUP_IRQHandler
                0x080001e0                ETH_WKUP_IRQHandler
                0x080001e0                SPI2_IRQHandler
                0x080001e0                OTG_HS_EP1_IN_IRQHandler
                0x080001e0                MemManage_Handler
                0x080001e0                DMA1_Stream0_IRQHandler
                0x080001e0                CAN1_TX_IRQHandler
                0x080001e0                SVC_Handler
                0x080001e0                EXTI4_IRQHandler
                0x080001e0                FSMC_IRQHandler
                0x080001e0                ETH_IRQHandler
                0x080001e0                OTG_HS_EP1_OUT_IRQHandler
                0x080001e0                WWDG_IRQHandler
                0x080001e0                TIM2_IRQHandler
                0x080001e0                OTG_FS_WKUP_IRQHandler
                0x080001e0                TIM1_TRG_COM_TIM11_IRQHandler
                0x080001e0                OTG_HS_IRQHandler
                0x080001e0                EXTI1_IRQHandler
                0x080001e0                USART2_IRQHandler
                0x080001e0                I2C2_ER_IRQHandler
                0x080001e0                DMA2_Stream1_IRQHandler
                0x080001e0                CAN1_SCE_IRQHandler
                0x080001e0                FLASH_IRQHandler
                0x080001e0                DMA2_Stream4_IRQHandler
                0x080001e0                BusFault_Handler
                0x080001e0                USART1_IRQHandler
                0x080001e0                OTG_FS_IRQHandler
                0x080001e0                SPI3_IRQHandler
                0x080001e0                DMA1_Stream4_IRQHandler
                0x080001e0                I2C1_ER_IRQHandler
                0x080001e0                DMA2_Stream6_IRQHandler
                0x080001e0                DMA1_Stream3_IRQHandler
 .text.RCC_Configuration_Adc1
                0x080001e8       0x18 ..\obj\main.o
                0x080001e8                RCC_Configuration_Adc1
 .text.GPIO_Configuration_Adc1
                0x08000200       0x30 ..\obj\main.o
                0x08000200                GPIO_Configuration_Adc1
 .text.ADC1_Configuration
                0x08000230       0x74 ..\obj\main.o
                0x08000230                ADC1_Configuration
 .text.main     0x080002a4       0x40 ..\obj\main.o
                0x080002a4                main
 .text.RCC_AHB1PeriphClockCmd
                0x080002e4       0x3c ..\obj\stm32f4xx_rcc.o
                0x080002e4                RCC_AHB1PeriphClockCmd
 .text.RCC_APB2PeriphClockCmd
                0x08000320       0x3c ..\obj\stm32f4xx_rcc.o
                0x08000320                RCC_APB2PeriphClockCmd
 .text.ADC_Init
                0x0800035c       0xa8 ..\obj\stm32f4xx_adc.o
                0x0800035c                ADC_Init
 .text.ADC_StructInit
                0x08000404       0x3c ..\obj\stm32f4xx_adc.o
                0x08000404                ADC_StructInit
 .text.ADC_CommonInit
                0x08000440       0x50 ..\obj\stm32f4xx_adc.o
                0x08000440                ADC_CommonInit
 .text.ADC_Cmd  0x08000490       0x38 ..\obj\stm32f4xx_adc.o
                0x08000490                ADC_Cmd
 .text.ADC_RegularChannelConfig
                0x080004c8      0x194 ..\obj\stm32f4xx_adc.o
                0x080004c8                ADC_RegularChannelConfig
 .text.ADC_SoftwareStartConv
                0x0800065c       0x20 ..\obj\stm32f4xx_adc.o
                0x0800065c                ADC_SoftwareStartConv
 .text.ADC_EOCOnEachRegularChannelCmd
                0x0800067c       0x38 ..\obj\stm32f4xx_adc.o
                0x0800067c                ADC_EOCOnEachRegularChannelCmd
 .text.ADC_GetConversionValue
                0x080006b4       0x1c ..\obj\stm32f4xx_adc.o
                0x080006b4                ADC_GetConversionValue
 .text.ADC_GetFlagStatus
                0x080006d0       0x34 ..\obj\stm32f4xx_adc.o
                0x080006d0                ADC_GetFlagStatus
 .text.GPIO_Init
                0x08000704      0x11c ..\obj\stm32f4xx_gpio.o
                0x08000704                GPIO_Init
 .text.GPIO_StructInit
                0x08000820       0x34 ..\obj\stm32f4xx_gpio.o
                0x08000820                GPIO_StructInit
 *(.init)
 *(.fini)
 *crtbegin.o(.ctors)
 *crtbegin?.o(.ctors)
 *(EXCLUDE_FILE(*crtend.o *crtend?.o) .ctors)
 *(SORT(.ctors.*))
 *(.ctors)
 *crtbegin.o(.dtors)
 *crtbegin?.o(.dtors)
 *(EXCLUDE_FILE(*crtend.o *crtend?.o) .dtors)
 *(SORT(.dtors.*))
 *(.dtors)
 *(.rodata*)
 *(.eh_fram e*)

.glue_7         0x08000854        0x0
 .glue_7        0x00000000        0x0 linker stubs

.glue_7t        0x08000854        0x0
 .glue_7t       0x00000000        0x0 linker stubs

.vfp11_veneer   0x08000854        0x0
 .vfp11_veneer  0x00000000        0x0 linker stubs

.v4_bx          0x08000854        0x0
 .v4_bx         0x00000000        0x0 linker stubs

.iplt           0x08000854        0x0
 .iplt          0x00000000        0x0 ..\obj\startup_stm32f4xx.o

.rel.dyn        0x08000854        0x0
 .rel.iplt      0x00000000        0x0 ..\obj\startup_stm32f4xx.o

.ARM.extab
 *(.ARM.extab* .gnu.linkonce.armextab.*)
                0x08000854                __exidx_start = .

.ARM.exidx
 *(.ARM.exidx* .gnu.linkonce.armexidx.*)
                0x08000854                __exidx_end = .
                0x08000854                __etext = .
                0x08000854                _sidata = __etext

.data           0x20000000        0x0 load address 0x08000854
                0x20000000                __data_start__ = .
                0x20000000                _sdata = __data_start__
 *(vtable)
 *(.data*)
                0x20000000                . = ALIGN (0x4)
                0x20000000                PROVIDE (__preinit_array_start, .)
 *(.preinit_array)
                0x20000000                PROVIDE (__preinit_array_end, .)
                0x20000000                . = ALIGN (0x4)
                0x20000000                PROVIDE (__init_array_start, .)
 *(SORT(.init_array.*))
 *(.init_array)
                0x20000000                PROVIDE (__init_array_end, .)
                0x20000000                . = ALIGN (0x4)
                0x20000000                PROVIDE (__fini_array_start, .)
 *(SORT(.fini_array.*))
 *(.fini_array)
                0x20000000                PROVIDE (__fini_array_end, .)
 *(.jcr*)
                0x20000000                . = ALIGN (0x4)
                0x20000000                __data_end__ = .
                0x20000000                _edata = __data_end__

.igot.plt       0x20000000        0x0
 .igot.plt      0x00000000        0x0 ..\obj\startup_stm32f4xx.o

.bss            0x20000000        0x4
                0x20000000                . = ALIGN (0x4)
                0x20000000                __bss_start__ = .
                0x20000000                _sbss = __bss_start__
 *(.bss*)
 *(COMMON)
 COMMON         0x20000000        0x2 ..\obj\main.o
                0x20000000                ADCResult
                0x20000004                . = ALIGN (0x4)
 *fill*         0x20000002        0x2 
                0x20000004                __bss_end__ = .
                0x20000004                _ebss = __bss_end__

.heap           0x20000004        0x0
                0x20000004                __end__ = .
                0x20000004                _end = __end__
                0x20000004                end = __end__
 *(.heap*)
                0x20000004                __HeapLimit = .

.co_stack       0x20000004      0x804
                0x20000008                . = ALIGN (0x8)
 *fill*         0x20000004        0x4 
 *(.co_stack .co_stack.*)
 .co_stack      0x20000008      0x800 ..\obj\startup_stm32f4xx.o
                0x20000008                pulStack
                0x20020000                __StackTop = (ORIGIN (ram) + 0x20000)
                0x2001f7fc                __StackLimit = (__StackTop - SIZEOF (.co_stack))
                0x20020000                PROVIDE (__stack, __StackTop)
                0x00000001                ASSERT ((__StackLimit >= __HeapLimit), region ram  overflowed with stack)
LOAD ..\obj\startup_stm32f4xx.o
LOAD ..\obj\main.o
LOAD ..\obj\stm32f4xx_rcc.o
LOAD ..\obj\stm32f4xx_adc.o
LOAD ..\obj\stm32f4xx_gpio.o
LOAD ..\obj\system_stm32f4xx.o
START GROUP
LOAD c:/coocox/coide/gcc/bin/../lib/gcc/arm-none-eabi/4.9.3/armv7e-m\libgcc.a
LOAD c:/coocox/coide/gcc/bin/../lib/gcc/arm-none-eabi/4.9.3/../../../../arm-none-eabi/lib/armv7e-m\libg.a
LOAD c:/coocox/coide/gcc/bin/../lib/gcc/arm-none-eabi/4.9.3/../../../../arm-none-eabi/lib/armv7e-m\libc.a
END GROUP
OUTPUT(adctest.elf elf32-littlearm)

.debug_info     0x00000000     0x247a
 .debug_info    0x00000000       0xed ..\obj\startup_stm32f4xx.o
 .debug_info    0x000000ed      0x506 ..\obj\main.o
 .debug_info    0x000005f3      0xc4d ..\obj\stm32f4xx_rcc.o
 .debug_info    0x00001240      0xc38 ..\obj\stm32f4xx_adc.o
 .debug_info    0x00001e78      0x602 ..\obj\stm32f4xx_gpio.o

.debug_abbrev   0x00000000      0x717
 .debug_abbrev  0x00000000       0xb0 ..\obj\startup_stm32f4xx.o
 .debug_abbrev  0x000000b0      0x14b ..\obj\main.o
 .debug_abbrev  0x000001fb      0x1e3 ..\obj\stm32f4xx_rcc.o
 .debug_abbrev  0x000003de      0x196 ..\obj\stm32f4xx_adc.o
 .debug_abbrev  0x00000574      0x1a3 ..\obj\stm32f4xx_gpio.o

.debug_aranges  0x00000000      0x3a8
 .debug_aranges
                0x00000000       0x28 ..\obj\startup_stm32f4xx.o
 .debug_aranges
                0x00000028       0x38 ..\obj\main.o
 .debug_aranges
                0x00000060      0x178 ..\obj\stm32f4xx_rcc.o
 .debug_aranges
                0x000001d8      0x148 ..\obj\stm32f4xx_adc.o
 .debug_aranges
                0x00000320       0x88 ..\obj\stm32f4xx_gpio.o

.debug_ranges   0x00000000      0x358
 .debug_ranges  0x00000000       0x18 ..\obj\startup_stm32f4xx.o
 .debug_ranges  0x00000018       0x28 ..\obj\main.o
 .debug_ranges  0x00000040      0x168 ..\obj\stm32f4xx_rcc.o
 .debug_ranges  0x000001a8      0x138 ..\obj\stm32f4xx_adc.o
 .debug_ranges  0x000002e0       0x78 ..\obj\stm32f4xx_gpio.o

.debug_line     0x00000000      0xfd0
 .debug_line    0x00000000       0x9b ..\obj\startup_stm32f4xx.o
 .debug_line    0x0000009b      0x1f8 ..\obj\main.o
 .debug_line    0x00000293      0x54e ..\obj\stm32f4xx_rcc.o
 .debug_line    0x000007e1      0x4ff ..\obj\stm32f4xx_adc.o
 .debug_line    0x00000ce0      0x2f0 ..\obj\stm32f4xx_gpio.o

.debug_str      0x00000000     0x127f
 .debug_str     0x00000000      0x12f ..\obj\startup_stm32f4xx.o
                                0x141 (size before relaxing)
 .debug_str     0x0000012f      0x425 ..\obj\main.o
                                0x506 (size before relaxing)
 .debug_str     0x00000554      0x68f ..\obj\stm32f4xx_rcc.o
                                0x84a (size before relaxing)
 .debug_str     0x00000be3      0x4ff ..\obj\stm32f4xx_adc.o
                                0x7fe (size before relaxing)
 .debug_str     0x000010e2      0x19d ..\obj\stm32f4xx_gpio.o
                                0x49d (size before relaxing)

.comment        0x00000000       0x70
 .comment       0x00000000       0x70 ..\obj\startup_stm32f4xx.o
                                 0x71 (size before relaxing)
 .comment       0x00000000       0x71 ..\obj\main.o
 .comment       0x00000000       0x71 ..\obj\stm32f4xx_rcc.o
 .comment       0x00000000       0x71 ..\obj\stm32f4xx_adc.o
 .comment       0x00000000       0x71 ..\obj\stm32f4xx_gpio.o

.ARM.attributes
                0x00000000       0x33
 .ARM.attributes
                0x00000000       0x33 ..\obj\startup_stm32f4xx.o
 .ARM.attributes
                0x00000033       0x33 ..\obj\main.o
 .ARM.attributes
                0x00000066       0x33 ..\obj\stm32f4xx_rcc.o
 .ARM.attributes
                0x00000099       0x33 ..\obj\stm32f4xx_adc.o
 .ARM.attributes
                0x000000cc       0x33 ..\obj\stm32f4xx_gpio.o

.debug_frame    0x00000000      0xfd8
 .debug_frame   0x00000000       0x4c ..\obj\startup_stm32f4xx.o
 .debug_frame   0x0000004c       0x90 ..\obj\main.o
 .debug_frame   0x000000dc      0x6d4 ..\obj\stm32f4xx_rcc.o
 .debug_frame   0x000007b0      0x5ec ..\obj\stm32f4xx_adc.o
 .debug_frame   0x00000d9c      0x23c ..\obj\stm32f4xx_gpio.o
