
Discarded input sections

 .text          0x00000000        0x0 ..\obj\stm32f4xx_dac.o
 .data          0x00000000        0x0 ..\obj\stm32f4xx_dac.o
 .bss           0x00000000        0x0 ..\obj\stm32f4xx_dac.o
 .text.DAC_DeInit
                0x00000000       0x1c ..\obj\stm32f4xx_dac.o
 .text.DAC_StructInit
                0x00000000       0x2c ..\obj\stm32f4xx_dac.o
 .text.DAC_SoftwareTriggerCmd
                0x00000000       0x4c ..\obj\stm32f4xx_dac.o
 .text.DAC_DualSoftwareTriggerCmd
                0x00000000       0x38 ..\obj\stm32f4xx_dac.o
 .text.DAC_WaveGenerationCmd
                0x00000000       0x4c ..\obj\stm32f4xx_dac.o
 .text.DAC_SetChannel2Data
                0x00000000       0x34 ..\obj\stm32f4xx_dac.o
 .text.DAC_SetDualChannelData
                0x00000000       0x58 ..\obj\stm32f4xx_dac.o
 .text.DAC_GetDataOutputValue
                0x00000000       0x34 ..\obj\stm32f4xx_dac.o
 .text.DAC_DMACmd
                0x00000000       0x4c ..\obj\stm32f4xx_dac.o
 .text.DAC_ITConfig
                0x00000000       0x4c ..\obj\stm32f4xx_dac.o
 .text.DAC_GetFlagStatus
                0x00000000       0x3c ..\obj\stm32f4xx_dac.o
 .text.DAC_ClearFlag
                0x00000000       0x24 ..\obj\stm32f4xx_dac.o
 .text.DAC_GetITStatus
                0x00000000       0x58 ..\obj\stm32f4xx_dac.o
 .text.DAC_ClearITPendingBit
                0x00000000       0x24 ..\obj\stm32f4xx_dac.o
 .text          0x00000000        0x0 ..\obj\startup_stm32f4xx.o
 .data          0x00000000        0x0 ..\obj\startup_stm32f4xx.o
 .bss           0x00000000        0x0 ..\obj\startup_stm32f4xx.o
 .text          0x00000000        0x0 ..\obj\main.o
 .data          0x00000000        0x0 ..\obj\main.o
 .bss           0x00000000        0x0 ..\obj\main.o
 .text          0x00000000        0x0 ..\obj\stm32f4xx_rcc.o
 .bss           0x00000000        0x0 ..\obj\stm32f4xx_rcc.o
 .text.RCC_DeInit
                0x00000000       0x50 ..\obj\stm32f4xx_rcc.o
 .text.RCC_HSEConfig
                0x00000000       0x24 ..\obj\stm32f4xx_rcc.o
 .text.RCC_WaitForHSEStartUp
                0x00000000       0x50 ..\obj\stm32f4xx_rcc.o
 .text.RCC_AdjustHSICalibrationValue
                0x00000000       0x3c ..\obj\stm32f4xx_rcc.o
 .text.RCC_HSICmd
                0x00000000       0x20 ..\obj\stm32f4xx_rcc.o
 .text.RCC_LSEConfig
                0x00000000       0x40 ..\obj\stm32f4xx_rcc.o
 .text.RCC_LSICmd
                0x00000000       0x20 ..\obj\stm32f4xx_rcc.o
 .text.RCC_PLLConfig
                0x00000000       0x3c ..\obj\stm32f4xx_rcc.o
 .text.RCC_PLLCmd
                0x00000000       0x20 ..\obj\stm32f4xx_rcc.o
 .text.RCC_PLLI2SConfig
                0x00000000       0x28 ..\obj\stm32f4xx_rcc.o
 .text.RCC_PLLI2SCmd
                0x00000000       0x20 ..\obj\stm32f4xx_rcc.o
 .text.RCC_ClockSecuritySystemCmd
                0x00000000       0x20 ..\obj\stm32f4xx_rcc.o
 .text.RCC_MCO1Config
                0x00000000       0x3c ..\obj\stm32f4xx_rcc.o
 .text.RCC_MCO2Config
                0x00000000       0x3c ..\obj\stm32f4xx_rcc.o
 .text.RCC_SYSCLKConfig
                0x00000000       0x38 ..\obj\stm32f4xx_rcc.o
 .text.RCC_GetSYSCLKSource
                0x00000000       0x20 ..\obj\stm32f4xx_rcc.o
 .text.RCC_HCLKConfig
                0x00000000       0x38 ..\obj\stm32f4xx_rcc.o
 .text.RCC_PCLK1Config
                0x00000000       0x38 ..\obj\stm32f4xx_rcc.o
 .text.RCC_PCLK2Config
                0x00000000       0x38 ..\obj\stm32f4xx_rcc.o
 .text.RCC_RTCCLKConfig
                0x00000000       0x5c ..\obj\stm32f4xx_rcc.o
 .text.RCC_RTCCLKCmd
                0x00000000       0x20 ..\obj\stm32f4xx_rcc.o
 .text.RCC_BackupResetCmd
                0x00000000       0x20 ..\obj\stm32f4xx_rcc.o
 .text.RCC_I2SCLKConfig
                0x00000000       0x1c ..\obj\stm32f4xx_rcc.o
 .text.RCC_AHB2PeriphClockCmd
                0x00000000       0x3c ..\obj\stm32f4xx_rcc.o
 .text.RCC_AHB3PeriphClockCmd
                0x00000000       0x3c ..\obj\stm32f4xx_rcc.o
 .text.RCC_AHB1PeriphResetCmd
                0x00000000       0x3c ..\obj\stm32f4xx_rcc.o
 .text.RCC_AHB2PeriphResetCmd
                0x00000000       0x3c ..\obj\stm32f4xx_rcc.o
 .text.RCC_AHB3PeriphResetCmd
                0x00000000       0x3c ..\obj\stm32f4xx_rcc.o
 .text.RCC_APB1PeriphResetCmd
                0x00000000       0x3c ..\obj\stm32f4xx_rcc.o
 .text.RCC_AHB1PeriphClockLPModeCmd
                0x00000000       0x3c ..\obj\stm32f4xx_rcc.o
 .text.RCC_AHB2PeriphClockLPModeCmd
                0x00000000       0x3c ..\obj\stm32f4xx_rcc.o
 .text.RCC_AHB3PeriphClockLPModeCmd
                0x00000000       0x3c ..\obj\stm32f4xx_rcc.o
 .text.RCC_APB1PeriphClockLPModeCmd
                0x00000000       0x3c ..\obj\stm32f4xx_rcc.o
 .text.RCC_APB2PeriphClockLPModeCmd
                0x00000000       0x3c ..\obj\stm32f4xx_rcc.o
 .text.RCC_ITConfig
                0x00000000       0x4c ..\obj\stm32f4xx_rcc.o
 .text.RCC_GetFlagStatus
                0x00000000       0x74 ..\obj\stm32f4xx_rcc.o
 .text.RCC_ClearFlag
                0x00000000       0x1c ..\obj\stm32f4xx_rcc.o
 .text.RCC_GetITStatus
                0x00000000       0x38 ..\obj\stm32f4xx_rcc.o
 .text.RCC_ClearITPendingBit
                0x00000000       0x20 ..\obj\stm32f4xx_rcc.o
 .text          0x00000000        0x0 ..\obj\stm32f4xx_adc.o
 .data          0x00000000        0x0 ..\obj\stm32f4xx_adc.o
 .bss           0x00000000        0x0 ..\obj\stm32f4xx_adc.o
 .text.ADC_StructInit
                0x00000000       0x3c ..\obj\stm32f4xx_adc.o
 .text.ADC_CommonInit
                0x00000000       0x50 ..\obj\stm32f4xx_adc.o
 .text.ADC_CommonStructInit
                0x00000000       0x2c ..\obj\stm32f4xx_adc.o
 .text.ADC_AnalogWatchdogCmd
                0x00000000       0x38 ..\obj\stm32f4xx_adc.o
 .text.ADC_AnalogWatchdogThresholdsConfig
                0x00000000       0x28 ..\obj\stm32f4xx_adc.o
 .text.ADC_AnalogWatchdogSingleChannelConfig
                0x00000000       0x38 ..\obj\stm32f4xx_adc.o
 .text.ADC_TempSensorVrefintCmd
                0x00000000       0x38 ..\obj\stm32f4xx_adc.o
 .text.ADC_VBATCmd
                0x00000000       0x38 ..\obj\stm32f4xx_adc.o
 .text.ADC_SoftwareStartConv
                0x00000000       0x20 ..\obj\stm32f4xx_adc.o
 .text.ADC_GetSoftwareStartConvStatus
                0x00000000       0x30 ..\obj\stm32f4xx_adc.o
 .text.ADC_EOCOnEachRegularChannelCmd
                0x00000000       0x38 ..\obj\stm32f4xx_adc.o
 .text.ADC_ContinuousModeCmd
                0x00000000       0x38 ..\obj\stm32f4xx_adc.o
 .text.ADC_DiscModeChannelCountConfig
                0x00000000       0x44 ..\obj\stm32f4xx_adc.o
 .text.ADC_DiscModeCmd
                0x00000000       0x38 ..\obj\stm32f4xx_adc.o
 .text.ADC_GetMultiModeConversionValue
                0x00000000       0x18 ..\obj\stm32f4xx_adc.o
 .text.ADC_DMACmd
                0x00000000       0x38 ..\obj\stm32f4xx_adc.o
 .text.ADC_DMARequestAfterLastTransferCmd
                0x00000000       0x38 ..\obj\stm32f4xx_adc.o
 .text.ADC_MultiModeDMARequestAfterLastTransferCmd
                0x00000000       0x38 ..\obj\stm32f4xx_adc.o
 .text.ADC_InjectedChannelConfig
                0x00000000      0x120 ..\obj\stm32f4xx_adc.o
 .text.ADC_InjectedSequencerLengthConfig
                0x00000000       0x44 ..\obj\stm32f4xx_adc.o
 .text.ADC_SetInjectedOffset
                0x00000000       0x34 ..\obj\stm32f4xx_adc.o
 .text.ADC_ExternalTrigInjectedConvConfig
                0x00000000       0x34 ..\obj\stm32f4xx_adc.o
 .text.ADC_ExternalTrigInjectedConvEdgeConfig
                0x00000000       0x34 ..\obj\stm32f4xx_adc.o
 .text.ADC_SoftwareStartInjectedConv
                0x00000000       0x20 ..\obj\stm32f4xx_adc.o
 .text.ADC_GetSoftwareStartInjectedConvCmdStatus
                0x00000000       0x30 ..\obj\stm32f4xx_adc.o
 .text.ADC_AutoInjectedConvCmd
                0x00000000       0x38 ..\obj\stm32f4xx_adc.o
 .text.ADC_InjectedDiscModeCmd
                0x00000000       0x38 ..\obj\stm32f4xx_adc.o
 .text.ADC_GetInjectedConversionValue
                0x00000000       0x30 ..\obj\stm32f4xx_adc.o
 .text.ADC_GetFlagStatus
                0x00000000       0x34 ..\obj\stm32f4xx_adc.o
 .text.ADC_ClearFlag
                0x00000000       0x20 ..\obj\stm32f4xx_adc.o
 .text.ADC_GetITStatus
                0x00000000       0x5c ..\obj\stm32f4xx_adc.o
 .text.ADC_ClearITPendingBit
                0x00000000       0x2c ..\obj\stm32f4xx_adc.o
 .text          0x00000000        0x0 ..\obj\adc_setup.o
 .data          0x00000000        0x0 ..\obj\adc_setup.o
 .text          0x00000000        0x0 ..\obj\stm32f4xx_gpio.o
 .data          0x00000000        0x0 ..\obj\stm32f4xx_gpio.o
 .bss           0x00000000        0x0 ..\obj\stm32f4xx_gpio.o
 .text.GPIO_DeInit
                0x00000000      0x120 ..\obj\stm32f4xx_gpio.o
 .text.GPIO_PinLockConfig
                0x00000000       0x44 ..\obj\stm32f4xx_gpio.o
 .text.GPIO_ReadInputDataBit
                0x00000000       0x34 ..\obj\stm32f4xx_gpio.o
 .text.GPIO_ReadInputData
                0x00000000       0x1c ..\obj\stm32f4xx_gpio.o
 .text.GPIO_ReadOutputDataBit
                0x00000000       0x34 ..\obj\stm32f4xx_gpio.o
 .text.GPIO_ReadOutputData
                0x00000000       0x1c ..\obj\stm32f4xx_gpio.o
 .text.GPIO_SetBits
                0x00000000       0x1c ..\obj\stm32f4xx_gpio.o
 .text.GPIO_ResetBits
                0x00000000       0x1c ..\obj\stm32f4xx_gpio.o
 .text.GPIO_WriteBit
                0x00000000       0x30 ..\obj\stm32f4xx_gpio.o
 .text.GPIO_Write
                0x00000000       0x1c ..\obj\stm32f4xx_gpio.o
 .text.GPIO_ToggleBits
                0x00000000       0x24 ..\obj\stm32f4xx_gpio.o
 .text.GPIO_PinAFConfig
                0x00000000       0x90 ..\obj\stm32f4xx_gpio.o
 .text          0x00000000        0x0 ..\obj\system_stm32f4xx.o
 .data          0x00000000       0x14 ..\obj\system_stm32f4xx.o
 .bss           0x00000000        0x0 ..\obj\system_stm32f4xx.o
 .text.SystemCoreClockUpdate
                0x00000000       0xf8 ..\obj\system_stm32f4xx.o
 .text          0x00000000        0x0 ..\obj\support_setup.o
 .data          0x00000000        0x0 ..\obj\support_setup.o
 .text          0x00000000        0x0 ..\obj\misc.o
 .data          0x00000000        0x0 ..\obj\misc.o
 .bss           0x00000000        0x0 ..\obj\misc.o
 .text.NVIC_SetVectorTable
                0x00000000       0x2c ..\obj\misc.o
 .text.NVIC_SystemLPConfig
                0x00000000       0x40 ..\obj\misc.o
 .text.SysTick_CLKSourceConfig
                0x00000000       0x38 ..\obj\misc.o
 .text          0x00000000        0x0 ..\obj\stm32f4xx_tim.o
 .data          0x00000000        0x0 ..\obj\stm32f4xx_tim.o
 .bss           0x00000000        0x0 ..\obj\stm32f4xx_tim.o
 .text.TIM_DeInit
                0x00000000      0x1bc ..\obj\stm32f4xx_tim.o
 .text.TIM_TimeBaseStructInit
                0x00000000       0x34 ..\obj\stm32f4xx_tim.o
 .text.TIM_PrescalerConfig
                0x00000000       0x28 ..\obj\stm32f4xx_tim.o
 .text.TIM_CounterModeConfig
                0x00000000       0x38 ..\obj\stm32f4xx_tim.o
 .text.TIM_SetCounter
                0x00000000       0x1c ..\obj\stm32f4xx_tim.o
 .text.TIM_SetAutoreload
                0x00000000       0x1c ..\obj\stm32f4xx_tim.o
 .text.TIM_GetCounter
                0x00000000       0x18 ..\obj\stm32f4xx_tim.o
 .text.TIM_GetPrescaler
                0x00000000       0x1c ..\obj\stm32f4xx_tim.o
 .text.TIM_UpdateDisableConfig
                0x00000000       0x40 ..\obj\stm32f4xx_tim.o
 .text.TIM_UpdateRequestConfig
                0x00000000       0x40 ..\obj\stm32f4xx_tim.o
 .text.TIM_ARRPreloadConfig
                0x00000000       0x40 ..\obj\stm32f4xx_tim.o
 .text.TIM_SelectOnePulseMode
                0x00000000       0x38 ..\obj\stm32f4xx_tim.o
 .text.TIM_SetClockDivision
                0x00000000       0x38 ..\obj\stm32f4xx_tim.o
 .text.TIM_OC1Init
                0x00000000       0xf4 ..\obj\stm32f4xx_tim.o
 .text.TIM_OC2Init
                0x00000000      0x110 ..\obj\stm32f4xx_tim.o
 .text.TIM_OC3Init
                0x00000000      0x10c ..\obj\stm32f4xx_tim.o
 .text.TIM_OC4Init
                0x00000000       0xcc ..\obj\stm32f4xx_tim.o
 .text.TIM_OCStructInit
                0x00000000       0x44 ..\obj\stm32f4xx_tim.o
 .text.TIM_SelectOCxM
                0x00000000       0xb0 ..\obj\stm32f4xx_tim.o
 .text.TIM_SetCompare1
                0x00000000       0x1c ..\obj\stm32f4xx_tim.o
 .text.TIM_SetCompare2
                0x00000000       0x1c ..\obj\stm32f4xx_tim.o
 .text.TIM_SetCompare3
                0x00000000       0x1c ..\obj\stm32f4xx_tim.o
 .text.TIM_SetCompare4
                0x00000000       0x1c ..\obj\stm32f4xx_tim.o
 .text.TIM_ForcedOC1Config
                0x00000000       0x38 ..\obj\stm32f4xx_tim.o
 .text.TIM_ForcedOC2Config
                0x00000000       0x3c ..\obj\stm32f4xx_tim.o
 .text.TIM_ForcedOC3Config
                0x00000000       0x38 ..\obj\stm32f4xx_tim.o
 .text.TIM_ForcedOC4Config
                0x00000000       0x3c ..\obj\stm32f4xx_tim.o
 .text.TIM_OC1PreloadConfig
                0x00000000       0x38 ..\obj\stm32f4xx_tim.o
 .text.TIM_OC2PreloadConfig
                0x00000000       0x3c ..\obj\stm32f4xx_tim.o
 .text.TIM_OC3PreloadConfig
                0x00000000       0x38 ..\obj\stm32f4xx_tim.o
 .text.TIM_OC4PreloadConfig
                0x00000000       0x3c ..\obj\stm32f4xx_tim.o
 .text.TIM_OC1FastConfig
                0x00000000       0x38 ..\obj\stm32f4xx_tim.o
 .text.TIM_OC2FastConfig
                0x00000000       0x3c ..\obj\stm32f4xx_tim.o
 .text.TIM_OC3FastConfig
                0x00000000       0x38 ..\obj\stm32f4xx_tim.o
 .text.TIM_OC4FastConfig
                0x00000000       0x3c ..\obj\stm32f4xx_tim.o
 .text.TIM_ClearOC1Ref
                0x00000000       0x38 ..\obj\stm32f4xx_tim.o
 .text.TIM_ClearOC2Ref
                0x00000000       0x3c ..\obj\stm32f4xx_tim.o
 .text.TIM_ClearOC3Ref
                0x00000000       0x38 ..\obj\stm32f4xx_tim.o
 .text.TIM_ClearOC4Ref
                0x00000000       0x3c ..\obj\stm32f4xx_tim.o
 .text.TIM_OC1PolarityConfig
                0x00000000       0x38 ..\obj\stm32f4xx_tim.o
 .text.TIM_OC1NPolarityConfig
                0x00000000       0x38 ..\obj\stm32f4xx_tim.o
 .text.TIM_OC2PolarityConfig
                0x00000000       0x3c ..\obj\stm32f4xx_tim.o
 .text.TIM_OC2NPolarityConfig
                0x00000000       0x3c ..\obj\stm32f4xx_tim.o
 .text.TIM_OC3PolarityConfig
                0x00000000       0x3c ..\obj\stm32f4xx_tim.o
 .text.TIM_OC3NPolarityConfig
                0x00000000       0x3c ..\obj\stm32f4xx_tim.o
 .text.TIM_OC4PolarityConfig
                0x00000000       0x3c ..\obj\stm32f4xx_tim.o
 .text.TIM_CCxCmd
                0x00000000       0x54 ..\obj\stm32f4xx_tim.o
 .text.TIM_CCxNCmd
                0x00000000       0x54 ..\obj\stm32f4xx_tim.o
 .text.TIM_ICInit
                0x00000000       0xa8 ..\obj\stm32f4xx_tim.o
 .text.TIM_ICStructInit
                0x00000000       0x30 ..\obj\stm32f4xx_tim.o
 .text.TIM_PWMIConfig
                0x00000000       0xb8 ..\obj\stm32f4xx_tim.o
 .text.TIM_GetCapture1
                0x00000000       0x18 ..\obj\stm32f4xx_tim.o
 .text.TIM_GetCapture2
                0x00000000       0x18 ..\obj\stm32f4xx_tim.o
 .text.TIM_GetCapture3
                0x00000000       0x18 ..\obj\stm32f4xx_tim.o
 .text.TIM_GetCapture4
                0x00000000       0x18 ..\obj\stm32f4xx_tim.o
 .text.TIM_SetIC1Prescaler
                0x00000000       0x38 ..\obj\stm32f4xx_tim.o
 .text.TIM_SetIC2Prescaler
                0x00000000       0x3c ..\obj\stm32f4xx_tim.o
 .text.TIM_SetIC3Prescaler
                0x00000000       0x38 ..\obj\stm32f4xx_tim.o
 .text.TIM_SetIC4Prescaler
                0x00000000       0x3c ..\obj\stm32f4xx_tim.o
 .text.TIM_BDTRConfig
                0x00000000       0x50 ..\obj\stm32f4xx_tim.o
 .text.TIM_BDTRStructInit
                0x00000000       0x3c ..\obj\stm32f4xx_tim.o
 .text.TIM_CtrlPWMOutputs
                0x00000000       0x4c ..\obj\stm32f4xx_tim.o
 .text.TIM_SelectCOM
                0x00000000       0x40 ..\obj\stm32f4xx_tim.o
 .text.TIM_CCPreloadControl
                0x00000000       0x40 ..\obj\stm32f4xx_tim.o
 .text.TIM_ITConfig
                0x00000000       0x48 ..\obj\stm32f4xx_tim.o
 .text.TIM_GenerateEvent
                0x00000000       0x1c ..\obj\stm32f4xx_tim.o
 .text.TIM_GetFlagStatus
                0x00000000       0x38 ..\obj\stm32f4xx_tim.o
 .text.TIM_ClearFlag
                0x00000000       0x20 ..\obj\stm32f4xx_tim.o
 .text.TIM_GetITStatus
                0x00000000       0x54 ..\obj\stm32f4xx_tim.o
 .text.TIM_ClearITPendingBit
                0x00000000       0x20 ..\obj\stm32f4xx_tim.o
 .text.TIM_DMAConfig
                0x00000000       0x28 ..\obj\stm32f4xx_tim.o
 .text.TIM_DMACmd
                0x00000000       0x48 ..\obj\stm32f4xx_tim.o
 .text.TIM_SelectCCDMA
                0x00000000       0x40 ..\obj\stm32f4xx_tim.o
 .text.TIM_InternalClockConfig
                0x00000000       0x24 ..\obj\stm32f4xx_tim.o
 .text.TIM_ITRxExternalClockConfig
                0x00000000       0x2c ..\obj\stm32f4xx_tim.o
 .text.TIM_TIxExternalClockConfig
                0x00000000       0x60 ..\obj\stm32f4xx_tim.o
 .text.TIM_ETRClockMode1Config
                0x00000000       0x5c ..\obj\stm32f4xx_tim.o
 .text.TIM_ETRClockMode2Config
                0x00000000       0x3c ..\obj\stm32f4xx_tim.o
 .text.TIM_SelectInputTrigger
                0x00000000       0x38 ..\obj\stm32f4xx_tim.o
 .text.TIM_SelectSlaveMode
                0x00000000       0x38 ..\obj\stm32f4xx_tim.o
 .text.TIM_SelectMasterSlaveMode
                0x00000000       0x38 ..\obj\stm32f4xx_tim.o
 .text.TIM_ETRConfig
                0x00000000       0x54 ..\obj\stm32f4xx_tim.o
 .text.TIM_EncoderInterfaceConfig
                0x00000000       0x98 ..\obj\stm32f4xx_tim.o
 .text.TIM_SelectHallSensor
                0x00000000       0x40 ..\obj\stm32f4xx_tim.o
 .text.TIM_RemapConfig
                0x00000000       0x20 ..\obj\stm32f4xx_tim.o
 .text.TI1_Config
                0x00000000       0x84 ..\obj\stm32f4xx_tim.o
 .text.TI2_Config
                0x00000000       0x98 ..\obj\stm32f4xx_tim.o
 .text.TI3_Config
                0x00000000       0x90 ..\obj\stm32f4xx_tim.o
 .text.TI4_Config
                0x00000000       0x9c ..\obj\stm32f4xx_tim.o

Memory Configuration

Name             Origin             Length             Attributes
rom              0x08000000         0x00100000         xr
ram              0x20000000         0x00020000         xrw
ram1             0x10000000         0x00010000         xrw
*default*        0x00000000         0xffffffff

Linker script and memory map

                0x20020000                _eram = 0x20020000

.text           0x08000000      0xf64
 *(.isr_vector)
 .isr_vector    0x08000000      0x188 ..\obj\startup_stm32f4xx.o
                0x08000000                g_pfnVectors
 *(.text*)
 .text.DAC_Init
                0x08000188       0x64 ..\obj\stm32f4xx_dac.o
                0x08000188                DAC_Init
 .text.DAC_Cmd  0x080001ec       0x48 ..\obj\stm32f4xx_dac.o
                0x080001ec                DAC_Cmd
 .text.DAC_SetChannel1Data
                0x08000234       0x34 ..\obj\stm32f4xx_dac.o
                0x08000234                DAC_SetChannel1Data
 .text.Default_Reset_Handler
                0x08000268       0x58 ..\obj\startup_stm32f4xx.o
                0x08000268                Default_Reset_Handler
                0x08000268                Reset_Handler
 .text.Default_Handler
                0x080002c0        0x8 ..\obj\startup_stm32f4xx.o
                0x080002c0                RTC_Alarm_IRQHandler
                0x080002c0                HASH_RNG_IRQHandler
                0x080002c0                EXTI2_IRQHandler
                0x080002c0                TIM8_CC_IRQHandler
                0x080002c0                DebugMon_Handler
                0x080002c0                TIM1_CC_IRQHandler
                0x080002c0                DMA2_Stream5_IRQHandler
                0x080002c0                HardFault_Handler
                0x080002c0                DMA1_Stream5_IRQHandler
                0x080002c0                SysTick_Handler
                0x080002c0                PVD_IRQHandler
                0x080002c0                SDIO_IRQHandler
                0x080002c0                TAMP_STAMP_IRQHandler
                0x080002c0                PendSV_Handler
                0x080002c0                NMI_Handler
                0x080002c0                CAN2_RX1_IRQHandler
                0x080002c0                EXTI3_IRQHandler
                0x080002c0                TIM8_TRG_COM_TIM14_IRQHandler
                0x080002c0                TIM1_UP_TIM10_IRQHandler
                0x080002c0                TIM8_UP_TIM13_IRQHandler
                0x080002c0                I2C3_ER_IRQHandler
                0x080002c0                EXTI0_IRQHandler
                0x080002c0                I2C2_EV_IRQHandler
                0x080002c0                DMA1_Stream2_IRQHandler
                0x080002c0                CAN1_RX0_IRQHandler
                0x080002c0                FPU_IRQHandler
                0x080002c0                OTG_HS_WKUP_IRQHandler
                0x080002c0                UsageFault_Handler
                0x080002c0                CAN2_SCE_IRQHandler
                0x080002c0                DMA2_Stream2_IRQHandler
                0x080002c0                SPI1_IRQHandler
                0x080002c0                TIM6_DAC_IRQHandler
                0x080002c0                TIM1_BRK_TIM9_IRQHandler
                0x080002c0                DCMI_IRQHandler
                0x080002c0                CAN2_RX0_IRQHandler
                0x080002c0                DMA2_Stream3_IRQHandler
                0x080002c0                USART6_IRQHandler
                0x080002c0                USART3_IRQHandler
                0x080002c0                CRYP_IRQHandler
                0x080002c0                CAN1_RX1_IRQHandler
                0x080002c0                UART5_IRQHandler
                0x080002c0                DMA2_Stream0_IRQHandler
                0x080002c0                TIM4_IRQHandler
                0x080002c0                I2C1_EV_IRQHandler
                0x080002c0                DMA1_Stream6_IRQHandler
                0x080002c0                DMA1_Stream1_IRQHandler
                0x080002c0                UART4_IRQHandler
                0x080002c0                TIM3_IRQHandler
                0x080002c0                RCC_IRQHandler
                0x080002c0                TIM8_BRK_TIM12_IRQHandler
                0x080002c0                EXTI15_10_IRQHandler
                0x080002c0                DMA1_Stream7_IRQHandler
                0x080002c0                TIM7_IRQHandler
                0x080002c0                CAN2_TX_IRQHandler
                0x080002c0                TIM5_IRQHandler
                0x080002c0                DMA2_Stream7_IRQHandler
                0x080002c0                I2C3_EV_IRQHandler
                0x080002c0                EXTI9_5_IRQHandler
                0x080002c0                RTC_WKUP_IRQHandler
                0x080002c0                ETH_WKUP_IRQHandler
                0x080002c0                SPI2_IRQHandler
                0x080002c0                OTG_HS_EP1_IN_IRQHandler
                0x080002c0                MemManage_Handler
                0x080002c0                DMA1_Stream0_IRQHandler
                0x080002c0                CAN1_TX_IRQHandler
                0x080002c0                SVC_Handler
                0x080002c0                EXTI4_IRQHandler
                0x080002c0                FSMC_IRQHandler
                0x080002c0                ETH_IRQHandler
                0x080002c0                OTG_HS_EP1_OUT_IRQHandler
                0x080002c0                WWDG_IRQHandler
                0x080002c0                TIM2_IRQHandler
                0x080002c0                OTG_FS_WKUP_IRQHandler
                0x080002c0                TIM1_TRG_COM_TIM11_IRQHandler
                0x080002c0                OTG_HS_IRQHandler
                0x080002c0                EXTI1_IRQHandler
                0x080002c0                USART2_IRQHandler
                0x080002c0                I2C2_ER_IRQHandler
                0x080002c0                DMA2_Stream1_IRQHandler
                0x080002c0                CAN1_SCE_IRQHandler
                0x080002c0                FLASH_IRQHandler
                0x080002c0                DMA2_Stream4_IRQHandler
                0x080002c0                BusFault_Handler
                0x080002c0                USART1_IRQHandler
                0x080002c0                OTG_FS_IRQHandler
                0x080002c0                SPI3_IRQHandler
                0x080002c0                DMA1_Stream4_IRQHandler
                0x080002c0                I2C1_ER_IRQHandler
                0x080002c0                DMA2_Stream6_IRQHandler
                0x080002c0                DMA1_Stream3_IRQHandler
 .text.main     0x080002c8       0x1c ..\obj\main.o
                0x080002c8                main
 .text.RCC_GetClocksFreq
                0x080002e4      0x154 ..\obj\stm32f4xx_rcc.o
                0x080002e4                RCC_GetClocksFreq
 .text.RCC_AHB1PeriphClockCmd
                0x08000438       0x3c ..\obj\stm32f4xx_rcc.o
                0x08000438                RCC_AHB1PeriphClockCmd
 .text.RCC_APB1PeriphClockCmd
                0x08000474       0x3c ..\obj\stm32f4xx_rcc.o
                0x08000474                RCC_APB1PeriphClockCmd
 .text.RCC_APB2PeriphClockCmd
                0x080004b0       0x3c ..\obj\stm32f4xx_rcc.o
                0x080004b0                RCC_APB2PeriphClockCmd
 .text.RCC_APB2PeriphResetCmd
                0x080004ec       0x3c ..\obj\stm32f4xx_rcc.o
                0x080004ec                RCC_APB2PeriphResetCmd
 .text.ADC_DeInit
                0x08000528       0x1c ..\obj\stm32f4xx_adc.o
                0x08000528                ADC_DeInit
 .text.ADC_Init
                0x08000544       0xa8 ..\obj\stm32f4xx_adc.o
                0x08000544                ADC_Init
 .text.ADC_Cmd  0x080005ec       0x38 ..\obj\stm32f4xx_adc.o
                0x080005ec                ADC_Cmd
 .text.ADC_RegularChannelConfig
                0x08000624      0x194 ..\obj\stm32f4xx_adc.o
                0x08000624                ADC_RegularChannelConfig
 .text.ADC_GetConversionValue
                0x080007b8       0x1c ..\obj\stm32f4xx_adc.o
                0x080007b8                ADC_GetConversionValue
 .text.ADC_ITConfig
                0x080007d4       0x50 ..\obj\stm32f4xx_adc.o
                0x080007d4                ADC_ITConfig
 .text.ADC1_Config
                0x08000824       0x88 ..\obj\adc_setup.o
                0x08000824                ADC1_Config
 .text.ADC1_GPIO_Config
                0x080008ac       0x38 ..\obj\adc_setup.o
                0x080008ac                ADC1_GPIO_Config
 .text.ADC1_Timer_Config
                0x080008e4       0x70 ..\obj\adc_setup.o
                0x080008e4                ADC1_Timer_Config
 .text.ADC1_Interrupt_Config
                0x08000954       0x30 ..\obj\adc_setup.o
                0x08000954                ADC1_Interrupt_Config
 .text.DAC1_Config_All
                0x08000984       0x68 ..\obj\adc_setup.o
                0x08000984                DAC1_Config_All
 .text.ADC_IRQHandler
                0x080009ec       0x6c ..\obj\adc_setup.o
                0x080009ec                ADC_IRQHandler
 .text.GPIO_Init
                0x08000a58      0x11c ..\obj\stm32f4xx_gpio.o
                0x08000a58                GPIO_Init
 .text.GPIO_StructInit
                0x08000b74       0x34 ..\obj\stm32f4xx_gpio.o
                0x08000b74                GPIO_StructInit
 .text.SystemInit
                0x08000ba8       0x58 ..\obj\system_stm32f4xx.o
                0x08000ba8                SystemInit
 .text.SetSysClock
                0x08000c00       0xf4 ..\obj\system_stm32f4xx.o
 .text.Support_Config
                0x08000cf4       0x40 ..\obj\support_setup.o
                0x08000cf4                Support_Config
 .text.NVIC_PriorityGroupConfig
                0x08000d34       0x24 ..\obj\misc.o
                0x08000d34                NVIC_PriorityGroupConfig
 .text.NVIC_Init
                0x08000d58       0xc0 ..\obj\misc.o
                0x08000d58                NVIC_Init
 .text.TIM_TimeBaseInit
                0x08000e18       0xd4 ..\obj\stm32f4xx_tim.o
                0x08000e18                TIM_TimeBaseInit
 .text.TIM_Cmd  0x08000eec       0x40 ..\obj\stm32f4xx_tim.o
                0x08000eec                TIM_Cmd
 .text.TIM_SelectOutputTrigger
                0x08000f2c       0x38 ..\obj\stm32f4xx_tim.o
                0x08000f2c                TIM_SelectOutputTrigger
 *(.init)
 *(.fini)
 *crtbegin.o(.ctors)
 *crtbegin?.o(.ctors)
 *(EXCLUDE_FILE(*crtend.o *crtend?.o) .ctors)
 *(SORT(.ctors.*))
 *(.ctors)
 *crtbegin.o(.dtors)
 *crtbegin?.o(.dtors)
 *(EXCLUDE_FILE(*crtend.o *crtend?.o) .dtors)
 *(SORT(.dtors.*))
 *(.dtors)
 *(.rodata*)
 *(.eh_fram e*)

.glue_7         0x08000f64        0x0
 .glue_7        0x00000000        0x0 linker stubs

.glue_7t        0x08000f64        0x0
 .glue_7t       0x00000000        0x0 linker stubs

.vfp11_veneer   0x08000f64        0x0
 .vfp11_veneer  0x00000000        0x0 linker stubs

.v4_bx          0x08000f64        0x0
 .v4_bx         0x00000000        0x0 linker stubs

.iplt           0x08000f64        0x0
 .iplt          0x00000000        0x0 ..\obj\stm32f4xx_dac.o

.rel.dyn        0x08000f64        0x0
 .rel.iplt      0x00000000        0x0 ..\obj\stm32f4xx_dac.o

.ARM.extab
 *(.ARM.extab* .gnu.linkonce.armextab.*)
                0x08000f64                __exidx_start = .

.ARM.exidx
 *(.ARM.exidx* .gnu.linkonce.armexidx.*)
                0x08000f64                __exidx_end = .
                0x08000f64                __etext = .
                0x08000f64                _sidata = __etext

.data           0x20000000       0x10 load address 0x08000f64
                0x20000000                __data_start__ = .
                0x20000000                _sdata = __data_start__
 *(vtable)
 *(.data*)
 .data          0x20000000       0x10 ..\obj\stm32f4xx_rcc.o
                0x20000010                . = ALIGN (0x4)
                0x20000010                PROVIDE (__preinit_array_start, .)
 *(.preinit_array)
                0x20000010                PROVIDE (__preinit_array_end, .)
                0x20000010                . = ALIGN (0x4)
                0x20000010                PROVIDE (__init_array_start, .)
 *(SORT(.init_array.*))
 *(.init_array)
                0x20000010                PROVIDE (__init_array_end, .)
                0x20000010                . = ALIGN (0x4)
                0x20000010                PROVIDE (__fini_array_start, .)
 *(SORT(.fini_array.*))
 *(.fini_array)
                0x20000010                PROVIDE (__fini_array_end, .)
 *(.jcr*)
                0x20000010                . = ALIGN (0x4)
                0x20000010                __data_end__ = .
                0x20000010                _edata = __data_end__

.igot.plt       0x20000010        0x0 load address 0x08000f74
 .igot.plt      0x00000000        0x0 ..\obj\stm32f4xx_dac.o

.bss            0x20000010       0x4c load address 0x08000f74
                0x20000010                . = ALIGN (0x4)
                0x20000010                __bss_start__ = .
                0x20000010                _sbss = __bss_start__
 *(.bss*)
 .bss           0x20000010       0x44 ..\obj\adc_setup.o
                0x20000050                value
                0x20000052                counter
 .bss           0x20000054        0x8 ..\obj\support_setup.o
 *(COMMON)
                0x2000005c                . = ALIGN (0x4)
                0x2000005c                __bss_end__ = .
                0x2000005c                _ebss = __bss_end__

.heap           0x2000005c        0x0
                0x2000005c                __end__ = .
                0x2000005c                _end = __end__
                0x2000005c                end = __end__
 *(.heap*)
                0x2000005c                __HeapLimit = .

.co_stack       0x2000005c      0x804 load address 0x08000fc0
                0x20000060                . = ALIGN (0x8)
 *fill*         0x2000005c        0x4 
 *(.co_stack .co_stack.*)
 .co_stack      0x20000060      0x800 ..\obj\startup_stm32f4xx.o
                0x20000060                pulStack
                0x20020000                __StackTop = (ORIGIN (ram) + 0x20000)
                0x2001f7fc                __StackLimit = (__StackTop - SIZEOF (.co_stack))
                0x20020000                PROVIDE (__stack, __StackTop)
                0x00000001                ASSERT ((__StackLimit >= __HeapLimit), region ram  overflowed with stack)
LOAD ..\obj\stm32f4xx_dac.o
LOAD ..\obj\startup_stm32f4xx.o
LOAD ..\obj\main.o
LOAD ..\obj\stm32f4xx_rcc.o
LOAD ..\obj\stm32f4xx_adc.o
LOAD ..\obj\adc_setup.o
LOAD ..\obj\stm32f4xx_gpio.o
LOAD ..\obj\system_stm32f4xx.o
LOAD ..\obj\support_setup.o
LOAD ..\obj\misc.o
LOAD ..\obj\stm32f4xx_tim.o
START GROUP
LOAD c:/coocox/coide/gcc/bin/../lib/gcc/arm-none-eabi/4.9.3/armv7e-m\libgcc.a
LOAD c:/coocox/coide/gcc/bin/../lib/gcc/arm-none-eabi/4.9.3/../../../../arm-none-eabi/lib/armv7e-m\libg.a
LOAD c:/coocox/coide/gcc/bin/../lib/gcc/arm-none-eabi/4.9.3/../../../../arm-none-eabi/lib/armv7e-m\libc.a
END GROUP
OUTPUT(adc_km.elf elf32-littlearm)

.debug_info     0x00000000     0x5add
 .debug_info    0x00000000      0x63a ..\obj\stm32f4xx_dac.o
 .debug_info    0x0000063a       0xed ..\obj\startup_stm32f4xx.o
 .debug_info    0x00000727       0xc7 ..\obj\main.o
 .debug_info    0x000007ee      0xc4d ..\obj\stm32f4xx_rcc.o
 .debug_info    0x0000143b      0xc38 ..\obj\stm32f4xx_adc.o
 .debug_info    0x00002073      0xa99 ..\obj\adc_setup.o
 .debug_info    0x00002b0c      0x602 ..\obj\stm32f4xx_gpio.o
 .debug_info    0x0000310e      0x592 ..\obj\system_stm32f4xx.o
 .debug_info    0x000036a0      0x29f ..\obj\support_setup.o
 .debug_info    0x0000393f      0x53d ..\obj\misc.o
 .debug_info    0x00003e7c     0x1c61 ..\obj\stm32f4xx_tim.o

.debug_abbrev   0x00000000      0xdf2
 .debug_abbrev  0x00000000      0x17c ..\obj\stm32f4xx_dac.o
 .debug_abbrev  0x0000017c       0xb0 ..\obj\startup_stm32f4xx.o
 .debug_abbrev  0x0000022c       0x67 ..\obj\main.o
 .debug_abbrev  0x00000293      0x1e3 ..\obj\stm32f4xx_rcc.o
 .debug_abbrev  0x00000476      0x196 ..\obj\stm32f4xx_adc.o
 .debug_abbrev  0x0000060c      0x146 ..\obj\adc_setup.o
 .debug_abbrev  0x00000752      0x1a3 ..\obj\stm32f4xx_gpio.o
 .debug_abbrev  0x000008f5      0x136 ..\obj\system_stm32f4xx.o
 .debug_abbrev  0x00000a2b       0xfb ..\obj\support_setup.o
 .debug_abbrev  0x00000b26      0x145 ..\obj\misc.o
 .debug_abbrev  0x00000c6b      0x187 ..\obj\stm32f4xx_tim.o

.debug_aranges  0x00000000      0x800
 .debug_aranges
                0x00000000       0xa0 ..\obj\stm32f4xx_dac.o
 .debug_aranges
                0x000000a0       0x28 ..\obj\startup_stm32f4xx.o
 .debug_aranges
                0x000000c8       0x20 ..\obj\main.o
 .debug_aranges
                0x000000e8      0x178 ..\obj\stm32f4xx_rcc.o
 .debug_aranges
                0x00000260      0x148 ..\obj\stm32f4xx_adc.o
 .debug_aranges
                0x000003a8       0x48 ..\obj\adc_setup.o
 .debug_aranges
                0x000003f0       0x88 ..\obj\stm32f4xx_gpio.o
 .debug_aranges
                0x00000478       0x30 ..\obj\system_stm32f4xx.o
 .debug_aranges
                0x000004a8       0x20 ..\obj\support_setup.o
 .debug_aranges
                0x000004c8       0x40 ..\obj\misc.o
 .debug_aranges
                0x00000508      0x2f8 ..\obj\stm32f4xx_tim.o

.debug_ranges   0x00000000      0x750
 .debug_ranges  0x00000000       0x90 ..\obj\stm32f4xx_dac.o
 .debug_ranges  0x00000090       0x18 ..\obj\startup_stm32f4xx.o
 .debug_ranges  0x000000a8       0x10 ..\obj\main.o
 .debug_ranges  0x000000b8      0x168 ..\obj\stm32f4xx_rcc.o
 .debug_ranges  0x00000220      0x138 ..\obj\stm32f4xx_adc.o
 .debug_ranges  0x00000358       0x38 ..\obj\adc_setup.o
 .debug_ranges  0x00000390       0x78 ..\obj\stm32f4xx_gpio.o
 .debug_ranges  0x00000408       0x20 ..\obj\system_stm32f4xx.o
 .debug_ranges  0x00000428       0x10 ..\obj\support_setup.o
 .debug_ranges  0x00000438       0x30 ..\obj\misc.o
 .debug_ranges  0x00000468      0x2e8 ..\obj\stm32f4xx_tim.o

.debug_line     0x00000000     0x22bc
 .debug_line    0x00000000      0x2e9 ..\obj\stm32f4xx_dac.o
 .debug_line    0x000002e9       0x94 ..\obj\startup_stm32f4xx.o
 .debug_line    0x0000037d      0x105 ..\obj\main.o
 .debug_line    0x00000482      0x532 ..\obj\stm32f4xx_rcc.o
 .debug_line    0x000009b4      0x4e3 ..\obj\stm32f4xx_adc.o
 .debug_line    0x00000e97      0x264 ..\obj\adc_setup.o
 .debug_line    0x000010fb      0x2d4 ..\obj\stm32f4xx_gpio.o
 .debug_line    0x000013cf      0x199 ..\obj\system_stm32f4xx.o
 .debug_line    0x00001568      0x183 ..\obj\support_setup.o
 .debug_line    0x000016eb      0x1d6 ..\obj\misc.o
 .debug_line    0x000018c1      0x9fb ..\obj\stm32f4xx_tim.o

.debug_str      0x00000000     0x28d1
 .debug_str     0x00000000      0x3cc ..\obj\stm32f4xx_dac.o
                                0x446 (size before relaxing)
 .debug_str     0x000003cc       0xa3 ..\obj\startup_stm32f4xx.o
                                0x13a (size before relaxing)
 .debug_str     0x0000046f       0x39 ..\obj\main.o
                                0x16d (size before relaxing)
 .debug_str     0x000004a8      0x675 ..\obj\stm32f4xx_rcc.o
                                0x843 (size before relaxing)
 .debug_str     0x00000b1d      0x617 ..\obj\stm32f4xx_adc.o
                                0x7f7 (size before relaxing)
 .debug_str     0x00001134      0x8fc ..\obj\adc_setup.o
                                0xc9b (size before relaxing)
 .debug_str     0x00001a30      0x196 ..\obj\stm32f4xx_gpio.o
                                0x496 (size before relaxing)
 .debug_str     0x00001bc6      0x10b ..\obj\system_stm32f4xx.o
                                0x39d (size before relaxing)
 .debug_str     0x00001cd1       0x3a ..\obj\support_setup.o
                                0x331 (size before relaxing)
 .debug_str     0x00001d0b      0x14d ..\obj\misc.o
                                0x3c1 (size before relaxing)
 .debug_str     0x00001e58      0xa79 ..\obj\stm32f4xx_tim.o
                                0xdc3 (size before relaxing)

.comment        0x00000000       0x70
 .comment       0x00000000       0x70 ..\obj\stm32f4xx_dac.o
                                 0x71 (size before relaxing)
 .comment       0x00000000       0x71 ..\obj\startup_stm32f4xx.o
 .comment       0x00000000       0x71 ..\obj\main.o
 .comment       0x00000000       0x71 ..\obj\stm32f4xx_rcc.o
 .comment       0x00000000       0x71 ..\obj\stm32f4xx_adc.o
 .comment       0x00000000       0x71 ..\obj\adc_setup.o
 .comment       0x00000000       0x71 ..\obj\stm32f4xx_gpio.o
 .comment       0x00000000       0x71 ..\obj\system_stm32f4xx.o
 .comment       0x00000000       0x71 ..\obj\support_setup.o
 .comment       0x00000000       0x71 ..\obj\misc.o
 .comment       0x00000000       0x71 ..\obj\stm32f4xx_tim.o

.ARM.attributes
                0x00000000       0x33
 .ARM.attributes
                0x00000000       0x33 ..\obj\stm32f4xx_dac.o
 .ARM.attributes
                0x00000033       0x33 ..\obj\startup_stm32f4xx.o
 .ARM.attributes
                0x00000066       0x33 ..\obj\main.o
 .ARM.attributes
                0x00000099       0x33 ..\obj\stm32f4xx_rcc.o
 .ARM.attributes
                0x000000cc       0x33 ..\obj\stm32f4xx_adc.o
 .ARM.attributes
                0x000000ff       0x33 ..\obj\adc_setup.o
 .ARM.attributes
                0x00000132       0x33 ..\obj\stm32f4xx_gpio.o
 .ARM.attributes
                0x00000165       0x33 ..\obj\system_stm32f4xx.o
 .ARM.attributes
                0x00000198       0x33 ..\obj\support_setup.o
 .ARM.attributes
                0x000001cb       0x33 ..\obj\misc.o
 .ARM.attributes
                0x000001fe       0x33 ..\obj\stm32f4xx_tim.o

.debug_frame    0x00000000     0x22bc
 .debug_frame   0x00000000      0x2ac ..\obj\stm32f4xx_dac.o
 .debug_frame   0x000002ac       0x4c ..\obj\startup_stm32f4xx.o
 .debug_frame   0x000002f8       0x2c ..\obj\main.o
 .debug_frame   0x00000324      0x6d4 ..\obj\stm32f4xx_rcc.o
 .debug_frame   0x000009f8      0x5ec ..\obj\stm32f4xx_adc.o
 .debug_frame   0x00000fe4       0xc8 ..\obj\adc_setup.o
 .debug_frame   0x000010ac      0x23c ..\obj\stm32f4xx_gpio.o
 .debug_frame   0x000012e8       0x7c ..\obj\system_stm32f4xx.o
 .debug_frame   0x00001364       0x2c ..\obj\support_setup.o
 .debug_frame   0x00001390       0xd8 ..\obj\misc.o
 .debug_frame   0x00001468      0xe54 ..\obj\stm32f4xx_tim.o
