Archive member included because of file (symbol)

c:/coocox/coide/gcc/bin/../lib/gcc/arm-none-eabi/4.9.3/../../../../arm-none-eabi/lib/armv7e-m/fpu\libg.a(lib_a-memcpy.o)
                              ..\obj\startup_stm32f4xx.o (memcpy)

Discarded input sections

 .text          0x00000000        0x0 ..\obj\stm32f4xx_dac.o
 .data          0x00000000        0x0 ..\obj\stm32f4xx_dac.o
 .bss           0x00000000        0x0 ..\obj\stm32f4xx_dac.o
 .text.DAC_DeInit
                0x00000000       0x1c ..\obj\stm32f4xx_dac.o
 .text.DAC_StructInit
                0x00000000        0xc ..\obj\stm32f4xx_dac.o
 .text.DAC_SoftwareTriggerCmd
                0x00000000       0x28 ..\obj\stm32f4xx_dac.o
 .text.DAC_DualSoftwareTriggerCmd
                0x00000000       0x1c ..\obj\stm32f4xx_dac.o
 .text.DAC_WaveGenerationCmd
                0x00000000       0x20 ..\obj\stm32f4xx_dac.o
 .text.DAC_SetChannel2Data
                0x00000000       0x20 ..\obj\stm32f4xx_dac.o
 .text.DAC_SetDualChannelData
                0x00000000       0x18 ..\obj\stm32f4xx_dac.o
 .text.DAC_GetDataOutputValue
                0x00000000       0x24 ..\obj\stm32f4xx_dac.o
 .text.DAC_DMACmd
                0x00000000       0x28 ..\obj\stm32f4xx_dac.o
 .text.DAC_ITConfig
                0x00000000       0x20 ..\obj\stm32f4xx_dac.o
 .text.DAC_GetFlagStatus
                0x00000000       0x14 ..\obj\stm32f4xx_dac.o
 .text.DAC_ClearFlag
                0x00000000        0xc ..\obj\stm32f4xx_dac.o
 .text.DAC_GetITStatus
                0x00000000       0x1c ..\obj\stm32f4xx_dac.o
 .text.DAC_ClearITPendingBit
                0x00000000        0xc ..\obj\stm32f4xx_dac.o
 .text          0x00000000        0x0 ..\obj\startup_stm32f4xx.o
 .data          0x00000000        0x0 ..\obj\startup_stm32f4xx.o
 .bss           0x00000000        0x0 ..\obj\startup_stm32f4xx.o
 .text          0x00000000        0x0 ..\obj\main.o
 .data          0x00000000        0x0 ..\obj\main.o
 .bss           0x00000000        0x0 ..\obj\main.o
 .text          0x00000000        0x0 ..\obj\stm32f4xx_rcc.o
 .bss           0x00000000        0x0 ..\obj\stm32f4xx_rcc.o
 .text.RCC_DeInit
                0x00000000       0x34 ..\obj\stm32f4xx_rcc.o
 .text.RCC_HSEConfig
                0x00000000       0x10 ..\obj\stm32f4xx_rcc.o
 .text.RCC_WaitForHSEStartUp
                0x00000000       0x34 ..\obj\stm32f4xx_rcc.o
 .text.RCC_AdjustHSICalibrationValue
                0x00000000       0x14 ..\obj\stm32f4xx_rcc.o
 .text.RCC_HSICmd
                0x00000000        0xc ..\obj\stm32f4xx_rcc.o
 .text.RCC_LSEConfig
                0x00000000       0x20 ..\obj\stm32f4xx_rcc.o
 .text.RCC_LSICmd
                0x00000000        0xc ..\obj\stm32f4xx_rcc.o
 .text.RCC_PLLConfig
                0x00000000       0x24 ..\obj\stm32f4xx_rcc.o
 .text.RCC_PLLCmd
                0x00000000        0xc ..\obj\stm32f4xx_rcc.o
 .text.RCC_PLLI2SConfig
                0x00000000       0x14 ..\obj\stm32f4xx_rcc.o
 .text.RCC_PLLI2SCmd
                0x00000000        0xc ..\obj\stm32f4xx_rcc.o
 .text.RCC_ClockSecuritySystemCmd
                0x00000000        0xc ..\obj\stm32f4xx_rcc.o
 .text.RCC_MCO1Config
                0x00000000       0x14 ..\obj\stm32f4xx_rcc.o
 .text.RCC_MCO2Config
                0x00000000       0x14 ..\obj\stm32f4xx_rcc.o
 .text.RCC_SYSCLKConfig
                0x00000000       0x14 ..\obj\stm32f4xx_rcc.o
 .text.RCC_GetSYSCLKSource
                0x00000000       0x10 ..\obj\stm32f4xx_rcc.o
 .text.RCC_HCLKConfig
                0x00000000       0x14 ..\obj\stm32f4xx_rcc.o
 .text.RCC_PCLK1Config
                0x00000000       0x14 ..\obj\stm32f4xx_rcc.o
 .text.RCC_PCLK2Config
                0x00000000       0x14 ..\obj\stm32f4xx_rcc.o
 .text.RCC_RTCCLKConfig
                0x00000000       0x30 ..\obj\stm32f4xx_rcc.o
 .text.RCC_RTCCLKCmd
                0x00000000        0xc ..\obj\stm32f4xx_rcc.o
 .text.RCC_BackupResetCmd
                0x00000000        0xc ..\obj\stm32f4xx_rcc.o
 .text.RCC_I2SCLKConfig
                0x00000000        0xc ..\obj\stm32f4xx_rcc.o
 .text.RCC_AHB2PeriphClockCmd
                0x00000000       0x18 ..\obj\stm32f4xx_rcc.o
 .text.RCC_AHB3PeriphClockCmd
                0x00000000       0x18 ..\obj\stm32f4xx_rcc.o
 .text.RCC_AHB1PeriphResetCmd
                0x00000000       0x18 ..\obj\stm32f4xx_rcc.o
 .text.RCC_AHB2PeriphResetCmd
                0x00000000       0x18 ..\obj\stm32f4xx_rcc.o
 .text.RCC_AHB3PeriphResetCmd
                0x00000000       0x18 ..\obj\stm32f4xx_rcc.o
 .text.RCC_APB1PeriphResetCmd
                0x00000000       0x18 ..\obj\stm32f4xx_rcc.o
 .text.RCC_AHB1PeriphClockLPModeCmd
                0x00000000       0x18 ..\obj\stm32f4xx_rcc.o
 .text.RCC_AHB2PeriphClockLPModeCmd
                0x00000000       0x18 ..\obj\stm32f4xx_rcc.o
 .text.RCC_AHB3PeriphClockLPModeCmd
                0x00000000       0x18 ..\obj\stm32f4xx_rcc.o
 .text.RCC_APB1PeriphClockLPModeCmd
                0x00000000       0x18 ..\obj\stm32f4xx_rcc.o
 .text.RCC_APB2PeriphClockLPModeCmd
                0x00000000       0x18 ..\obj\stm32f4xx_rcc.o
 .text.RCC_ITConfig
                0x00000000       0x18 ..\obj\stm32f4xx_rcc.o
 .text.RCC_GetFlagStatus
                0x00000000       0x34 ..\obj\stm32f4xx_rcc.o
 .text.RCC_ClearFlag
                0x00000000       0x10 ..\obj\stm32f4xx_rcc.o
 .text.RCC_GetITStatus
                0x00000000       0x14 ..\obj\stm32f4xx_rcc.o
 .text.RCC_ClearITPendingBit
                0x00000000        0xc ..\obj\stm32f4xx_rcc.o
 .text          0x00000000        0x0 ..\obj\stm32f4xx_adc.o
 .data          0x00000000        0x0 ..\obj\stm32f4xx_adc.o
 .bss           0x00000000        0x0 ..\obj\stm32f4xx_adc.o
 .text.ADC_StructInit
                0x00000000       0x14 ..\obj\stm32f4xx_adc.o
 .text.ADC_CommonInit
                0x00000000       0x28 ..\obj\stm32f4xx_adc.o
 .text.ADC_CommonStructInit
                0x00000000        0xc ..\obj\stm32f4xx_adc.o
 .text.ADC_AnalogWatchdogCmd
                0x00000000       0x10 ..\obj\stm32f4xx_adc.o
 .text.ADC_AnalogWatchdogThresholdsConfig
                0x00000000        0x8 ..\obj\stm32f4xx_adc.o
 .text.ADC_AnalogWatchdogSingleChannelConfig
                0x00000000        0xc ..\obj\stm32f4xx_adc.o
 .text.ADC_TempSensorVrefintCmd
                0x00000000       0x1c ..\obj\stm32f4xx_adc.o
 .text.ADC_VBATCmd
                0x00000000       0x1c ..\obj\stm32f4xx_adc.o
 .text.ADC_SoftwareStartConv
                0x00000000        0xc ..\obj\stm32f4xx_adc.o
 .text.ADC_GetSoftwareStartConvStatus
                0x00000000        0x8 ..\obj\stm32f4xx_adc.o
 .text.ADC_EOCOnEachRegularChannelCmd
                0x00000000       0x14 ..\obj\stm32f4xx_adc.o
 .text.ADC_ContinuousModeCmd
                0x00000000       0x14 ..\obj\stm32f4xx_adc.o
 .text.ADC_DiscModeChannelCountConfig
                0x00000000       0x10 ..\obj\stm32f4xx_adc.o
 .text.ADC_DiscModeCmd
                0x00000000       0x14 ..\obj\stm32f4xx_adc.o
 .text.ADC_GetMultiModeConversionValue
                0x00000000        0xc ..\obj\stm32f4xx_adc.o
 .text.ADC_DMACmd
                0x00000000       0x14 ..\obj\stm32f4xx_adc.o
 .text.ADC_DMARequestAfterLastTransferCmd
                0x00000000       0x14 ..\obj\stm32f4xx_adc.o
 .text.ADC_MultiModeDMARequestAfterLastTransferCmd
                0x00000000       0x1c ..\obj\stm32f4xx_adc.o
 .text.ADC_InjectedChannelConfig
                0x00000000       0x58 ..\obj\stm32f4xx_adc.o
 .text.ADC_InjectedSequencerLengthConfig
                0x00000000       0x10 ..\obj\stm32f4xx_adc.o
 .text.ADC_SetInjectedOffset
                0x00000000       0x18 ..\obj\stm32f4xx_adc.o
 .text.ADC_ExternalTrigInjectedConvConfig
                0x00000000        0xc ..\obj\stm32f4xx_adc.o
 .text.ADC_ExternalTrigInjectedConvEdgeConfig
                0x00000000        0xc ..\obj\stm32f4xx_adc.o
 .text.ADC_SoftwareStartInjectedConv
                0x00000000        0xc ..\obj\stm32f4xx_adc.o
 .text.ADC_GetSoftwareStartInjectedConvCmdStatus
                0x00000000        0x8 ..\obj\stm32f4xx_adc.o
 .text.ADC_AutoInjectedConvCmd
                0x00000000       0x14 ..\obj\stm32f4xx_adc.o
 .text.ADC_InjectedDiscModeCmd
                0x00000000       0x14 ..\obj\stm32f4xx_adc.o
 .text.ADC_GetInjectedConversionValue
                0x00000000       0x1c ..\obj\stm32f4xx_adc.o
 .text.ADC_GetFlagStatus
                0x00000000        0xc ..\obj\stm32f4xx_adc.o
 .text.ADC_ClearFlag
                0x00000000        0x8 ..\obj\stm32f4xx_adc.o
 .text.ADC_GetITStatus
                0x00000000       0x1c ..\obj\stm32f4xx_adc.o
 .text          0x00000000        0x0 ..\obj\adc_setup.o
 .text.ADC1_GPIO_Config
                0x00000000       0x34 ..\obj\adc_setup.o
 .text.ADC1_Timer_Config
                0x00000000       0x54 ..\obj\adc_setup.o
 .text.ADC1_Interrupt_Config
                0x00000000       0x2c ..\obj\adc_setup.o
 .text.FIR      0x00000000       0x40 ..\obj\adc_setup.o
 .text.DAC_Output
                0x00000000       0x10 ..\obj\adc_setup.o
 .text          0x00000000        0x0 ..\obj\stm32f4xx_gpio.o
 .data          0x00000000        0x0 ..\obj\stm32f4xx_gpio.o
 .bss           0x00000000        0x0 ..\obj\stm32f4xx_gpio.o
 .text.GPIO_DeInit
                0x00000000      0x118 ..\obj\stm32f4xx_gpio.o
 .text.GPIO_PinLockConfig
                0x00000000       0x24 ..\obj\stm32f4xx_gpio.o
 .text.GPIO_ReadInputDataBit
                0x00000000        0xc ..\obj\stm32f4xx_gpio.o
 .text.GPIO_ReadInputData
                0x00000000        0x8 ..\obj\stm32f4xx_gpio.o
 .text.GPIO_ReadOutputDataBit
                0x00000000        0xc ..\obj\stm32f4xx_gpio.o
 .text.GPIO_ReadOutputData
                0x00000000        0x8 ..\obj\stm32f4xx_gpio.o
 .text.GPIO_SetBits
                0x00000000        0x4 ..\obj\stm32f4xx_gpio.o
 .text.GPIO_ResetBits
                0x00000000        0x4 ..\obj\stm32f4xx_gpio.o
 .text.GPIO_WriteBit
                0x00000000        0xc ..\obj\stm32f4xx_gpio.o
 .text.GPIO_Write
                0x00000000        0x4 ..\obj\stm32f4xx_gpio.o
 .text.GPIO_ToggleBits
                0x00000000        0x8 ..\obj\stm32f4xx_gpio.o
 .text.GPIO_PinAFConfig
                0x00000000       0x28 ..\obj\stm32f4xx_gpio.o
 .text          0x00000000        0x0 ..\obj\system_stm32f4xx.o
 .data          0x00000000       0x14 ..\obj\system_stm32f4xx.o
 .bss           0x00000000        0x0 ..\obj\system_stm32f4xx.o
 .text.SystemCoreClockUpdate
                0x00000000       0x74 ..\obj\system_stm32f4xx.o
 .text          0x00000000        0x0 ..\obj\support_setup.o
 .data          0x00000000        0x0 ..\obj\support_setup.o
 .text          0x00000000        0x0 ..\obj\misc.o
 .data          0x00000000        0x0 ..\obj\misc.o
 .bss           0x00000000        0x0 ..\obj\misc.o
 .text.NVIC_SetVectorTable
                0x00000000       0x14 ..\obj\misc.o
 .text.NVIC_SystemLPConfig
                0x00000000       0x18 ..\obj\misc.o
 .text.SysTick_CLKSourceConfig
                0x00000000       0x18 ..\obj\misc.o
 .text          0x00000000        0x0 ..\obj\stm32f4xx_tim.o
 .data          0x00000000        0x0 ..\obj\stm32f4xx_tim.o
 .bss           0x00000000        0x0 ..\obj\stm32f4xx_tim.o
 .text.TIM_DeInit
                0x00000000      0x1b8 ..\obj\stm32f4xx_tim.o
 .text.TIM_TimeBaseStructInit
                0x00000000       0x14 ..\obj\stm32f4xx_tim.o
 .text.TIM_PrescalerConfig
                0x00000000        0x8 ..\obj\stm32f4xx_tim.o
 .text.TIM_CounterModeConfig
                0x00000000       0x10 ..\obj\stm32f4xx_tim.o
 .text.TIM_SetCounter
                0x00000000        0x4 ..\obj\stm32f4xx_tim.o
 .text.TIM_SetAutoreload
                0x00000000        0x4 ..\obj\stm32f4xx_tim.o
 .text.TIM_GetCounter
                0x00000000        0x4 ..\obj\stm32f4xx_tim.o
 .text.TIM_GetPrescaler
                0x00000000        0x8 ..\obj\stm32f4xx_tim.o
 .text.TIM_UpdateDisableConfig
                0x00000000       0x1c ..\obj\stm32f4xx_tim.o
 .text.TIM_UpdateRequestConfig
                0x00000000       0x1c ..\obj\stm32f4xx_tim.o
 .text.TIM_ARRPreloadConfig
                0x00000000       0x1c ..\obj\stm32f4xx_tim.o
 .text.TIM_SelectOnePulseMode
                0x00000000       0x18 ..\obj\stm32f4xx_tim.o
 .text.TIM_SetClockDivision
                0x00000000       0x18 ..\obj\stm32f4xx_tim.o
 .text.TIM_OC1Init
                0x00000000       0x84 ..\obj\stm32f4xx_tim.o
 .text.TIM_OC2Init
                0x00000000       0x90 ..\obj\stm32f4xx_tim.o
 .text.TIM_OC3Init
                0x00000000       0x90 ..\obj\stm32f4xx_tim.o
 .text.TIM_OC4Init
                0x00000000       0x74 ..\obj\stm32f4xx_tim.o
 .text.TIM_OCStructInit
                0x00000000       0x14 ..\obj\stm32f4xx_tim.o
 .text.TIM_SelectOCxM
                0x00000000       0x50 ..\obj\stm32f4xx_tim.o
 .text.TIM_SetCompare1
                0x00000000        0x4 ..\obj\stm32f4xx_tim.o
 .text.TIM_SetCompare2
                0x00000000        0x4 ..\obj\stm32f4xx_tim.o
 .text.TIM_SetCompare3
                0x00000000        0x4 ..\obj\stm32f4xx_tim.o
 .text.TIM_SetCompare4
                0x00000000        0x4 ..\obj\stm32f4xx_tim.o
 .text.TIM_ForcedOC1Config
                0x00000000       0x10 ..\obj\stm32f4xx_tim.o
 .text.TIM_ForcedOC2Config
                0x00000000       0x14 ..\obj\stm32f4xx_tim.o
 .text.TIM_ForcedOC3Config
                0x00000000       0x10 ..\obj\stm32f4xx_tim.o
 .text.TIM_ForcedOC4Config
                0x00000000       0x14 ..\obj\stm32f4xx_tim.o
 .text.TIM_OC1PreloadConfig
                0x00000000       0x10 ..\obj\stm32f4xx_tim.o
 .text.TIM_OC2PreloadConfig
                0x00000000       0x14 ..\obj\stm32f4xx_tim.o
 .text.TIM_OC3PreloadConfig
                0x00000000       0x10 ..\obj\stm32f4xx_tim.o
 .text.TIM_OC4PreloadConfig
                0x00000000       0x14 ..\obj\stm32f4xx_tim.o
 .text.TIM_OC1FastConfig
                0x00000000       0x10 ..\obj\stm32f4xx_tim.o
 .text.TIM_OC2FastConfig
                0x00000000       0x14 ..\obj\stm32f4xx_tim.o
 .text.TIM_OC3FastConfig
                0x00000000       0x10 ..\obj\stm32f4xx_tim.o
 .text.TIM_OC4FastConfig
                0x00000000       0x14 ..\obj\stm32f4xx_tim.o
 .text.TIM_ClearOC1Ref
                0x00000000       0x10 ..\obj\stm32f4xx_tim.o
 .text.TIM_ClearOC2Ref
                0x00000000       0x10 ..\obj\stm32f4xx_tim.o
 .text.TIM_ClearOC3Ref
                0x00000000       0x10 ..\obj\stm32f4xx_tim.o
 .text.TIM_ClearOC4Ref
                0x00000000       0x10 ..\obj\stm32f4xx_tim.o
 .text.TIM_OC1PolarityConfig
                0x00000000       0x10 ..\obj\stm32f4xx_tim.o
 .text.TIM_OC1NPolarityConfig
                0x00000000       0x10 ..\obj\stm32f4xx_tim.o
 .text.TIM_OC2PolarityConfig
                0x00000000       0x14 ..\obj\stm32f4xx_tim.o
 .text.TIM_OC2NPolarityConfig
                0x00000000       0x14 ..\obj\stm32f4xx_tim.o
 .text.TIM_OC3PolarityConfig
                0x00000000       0x14 ..\obj\stm32f4xx_tim.o
 .text.TIM_OC3NPolarityConfig
                0x00000000       0x14 ..\obj\stm32f4xx_tim.o
 .text.TIM_OC4PolarityConfig
                0x00000000       0x14 ..\obj\stm32f4xx_tim.o
 .text.TIM_CCxCmd
                0x00000000       0x20 ..\obj\stm32f4xx_tim.o
 .text.TIM_CCxNCmd
                0x00000000       0x20 ..\obj\stm32f4xx_tim.o
 .text.TIM_ICInit
                0x00000000      0x168 ..\obj\stm32f4xx_tim.o
 .text.TIM_ICStructInit
                0x00000000       0x10 ..\obj\stm32f4xx_tim.o
 .text.TIM_PWMIConfig
                0x00000000      0x15c ..\obj\stm32f4xx_tim.o
 .text.TIM_GetCapture1
                0x00000000        0x4 ..\obj\stm32f4xx_tim.o
 .text.TIM_GetCapture2
                0x00000000        0x4 ..\obj\stm32f4xx_tim.o
 .text.TIM_GetCapture3
                0x00000000        0x4 ..\obj\stm32f4xx_tim.o
 .text.TIM_GetCapture4
                0x00000000        0x4 ..\obj\stm32f4xx_tim.o
 .text.TIM_SetIC1Prescaler
                0x00000000       0x18 ..\obj\stm32f4xx_tim.o
 .text.TIM_SetIC2Prescaler
                0x00000000       0x1c ..\obj\stm32f4xx_tim.o
 .text.TIM_SetIC3Prescaler
                0x00000000       0x18 ..\obj\stm32f4xx_tim.o
 .text.TIM_SetIC4Prescaler
                0x00000000       0x1c ..\obj\stm32f4xx_tim.o
 .text.TIM_BDTRConfig
                0x00000000       0x28 ..\obj\stm32f4xx_tim.o
 .text.TIM_BDTRStructInit
                0x00000000       0x14 ..\obj\stm32f4xx_tim.o
 .text.TIM_CtrlPWMOutputs
                0x00000000       0x20 ..\obj\stm32f4xx_tim.o
 .text.TIM_SelectCOM
                0x00000000       0x1c ..\obj\stm32f4xx_tim.o
 .text.TIM_CCPreloadControl
                0x00000000       0x1c ..\obj\stm32f4xx_tim.o
 .text.TIM_ITConfig
                0x00000000       0x14 ..\obj\stm32f4xx_tim.o
 .text.TIM_GenerateEvent
                0x00000000        0x4 ..\obj\stm32f4xx_tim.o
 .text.TIM_GetFlagStatus
                0x00000000        0xc ..\obj\stm32f4xx_tim.o
 .text.TIM_ClearFlag
                0x00000000        0x8 ..\obj\stm32f4xx_tim.o
 .text.TIM_GetITStatus
                0x00000000       0x18 ..\obj\stm32f4xx_tim.o
 .text.TIM_ClearITPendingBit
                0x00000000        0x8 ..\obj\stm32f4xx_tim.o
 .text.TIM_DMAConfig
                0x00000000        0x8 ..\obj\stm32f4xx_tim.o
 .text.TIM_DMACmd
                0x00000000       0x14 ..\obj\stm32f4xx_tim.o
 .text.TIM_SelectCCDMA
                0x00000000       0x1c ..\obj\stm32f4xx_tim.o
 .text.TIM_InternalClockConfig
                0x00000000       0x10 ..\obj\stm32f4xx_tim.o
 .text.TIM_ITRxExternalClockConfig
                0x00000000       0x1c ..\obj\stm32f4xx_tim.o
 .text.TIM_TIxExternalClockConfig
                0x00000000       0x88 ..\obj\stm32f4xx_tim.o
 .text.TIM_ETRClockMode1Config
                0x00000000       0x28 ..\obj\stm32f4xx_tim.o
 .text.TIM_ETRClockMode2Config
                0x00000000       0x24 ..\obj\stm32f4xx_tim.o
 .text.TIM_SelectInputTrigger
                0x00000000       0x10 ..\obj\stm32f4xx_tim.o
 .text.TIM_SelectSlaveMode
                0x00000000       0x18 ..\obj\stm32f4xx_tim.o
 .text.TIM_SelectMasterSlaveMode
                0x00000000       0x18 ..\obj\stm32f4xx_tim.o
 .text.TIM_ETRConfig
                0x00000000       0x18 ..\obj\stm32f4xx_tim.o
 .text.TIM_EncoderInterfaceConfig
                0x00000000       0x40 ..\obj\stm32f4xx_tim.o
 .text.TIM_SelectHallSensor
                0x00000000       0x1c ..\obj\stm32f4xx_tim.o
 .text.TIM_RemapConfig
                0x00000000        0x8 ..\obj\stm32f4xx_tim.o
 .data          0x00000000        0x0 c:/coocox/coide/gcc/bin/../lib/gcc/arm-none-eabi/4.9.3/../../../../arm-none-eabi/lib/armv7e-m/fpu\libg.a(lib_a-memcpy.o)
 .bss           0x00000000        0x0 c:/coocox/coide/gcc/bin/../lib/gcc/arm-none-eabi/4.9.3/../../../../arm-none-eabi/lib/armv7e-m/fpu\libg.a(lib_a-memcpy.o)

Memory Configuration

Name             Origin             Length             Attributes
rom              0x08000000         0x00100000         xr
ram              0x20000000         0x00020000         xrw
ram1             0x10000000         0x00010000         xrw
*default*        0x00000000         0xffffffff

Linker script and memory map

                0x20020000                _eram = 0x20020000

.text           0x08000000      0xd2c
 *(.isr_vector)
 .isr_vector    0x08000000      0x188 ..\obj\startup_stm32f4xx.o
                0x08000000                g_pfnVectors
 *(.text*)
 .text.DAC_Init
                0x08000188       0x30 ..\obj\stm32f4xx_dac.o
                0x08000188                DAC_Init
 .text.DAC_Cmd  0x080001b8       0x24 ..\obj\stm32f4xx_dac.o
                0x080001b8                DAC_Cmd
 .text.DAC_SetChannel1Data
                0x080001dc       0x20 ..\obj\stm32f4xx_dac.o
                0x080001dc                DAC_SetChannel1Data
 .text.Default_Handler
                0x080001fc        0x4 ..\obj\startup_stm32f4xx.o
                0x080001fc                RTC_Alarm_IRQHandler
                0x080001fc                HASH_RNG_IRQHandler
                0x080001fc                EXTI2_IRQHandler
                0x080001fc                TIM8_CC_IRQHandler
                0x080001fc                DebugMon_Handler
                0x080001fc                TIM1_CC_IRQHandler
                0x080001fc                DMA2_Stream5_IRQHandler
                0x080001fc                HardFault_Handler
                0x080001fc                DMA1_Stream5_IRQHandler
                0x080001fc                SysTick_Handler
                0x080001fc                PVD_IRQHandler
                0x080001fc                SDIO_IRQHandler
                0x080001fc                TAMP_STAMP_IRQHandler
                0x080001fc                PendSV_Handler
                0x080001fc                NMI_Handler
                0x080001fc                CAN2_RX1_IRQHandler
                0x080001fc                EXTI3_IRQHandler
                0x080001fc                TIM8_TRG_COM_TIM14_IRQHandler
                0x080001fc                TIM1_UP_TIM10_IRQHandler
                0x080001fc                TIM8_UP_TIM13_IRQHandler
                0x080001fc                I2C3_ER_IRQHandler
                0x080001fc                EXTI0_IRQHandler
                0x080001fc                I2C2_EV_IRQHandler
                0x080001fc                DMA1_Stream2_IRQHandler
                0x080001fc                CAN1_RX0_IRQHandler
                0x080001fc                FPU_IRQHandler
                0x080001fc                OTG_HS_WKUP_IRQHandler
                0x080001fc                UsageFault_Handler
                0x080001fc                CAN2_SCE_IRQHandler
                0x080001fc                DMA2_Stream2_IRQHandler
                0x080001fc                SPI1_IRQHandler
                0x080001fc                TIM6_DAC_IRQHandler
                0x080001fc                TIM1_BRK_TIM9_IRQHandler
                0x080001fc                DCMI_IRQHandler
                0x080001fc                CAN2_RX0_IRQHandler
                0x080001fc                DMA2_Stream3_IRQHandler
                0x080001fc                USART6_IRQHandler
                0x080001fc                USART3_IRQHandler
                0x080001fc                CRYP_IRQHandler
                0x080001fc                CAN1_RX1_IRQHandler
                0x080001fc                UART5_IRQHandler
                0x080001fc                DMA2_Stream0_IRQHandler
                0x080001fc                TIM4_IRQHandler
                0x080001fc                I2C1_EV_IRQHandler
                0x080001fc                DMA1_Stream6_IRQHandler
                0x080001fc                DMA1_Stream1_IRQHandler
                0x080001fc                UART4_IRQHandler
                0x080001fc                TIM3_IRQHandler
                0x080001fc                RCC_IRQHandler
                0x080001fc                TIM8_BRK_TIM12_IRQHandler
                0x080001fc                EXTI15_10_IRQHandler
                0x080001fc                DMA1_Stream7_IRQHandler
                0x080001fc                TIM7_IRQHandler
                0x080001fc                CAN2_TX_IRQHandler
                0x080001fc                TIM5_IRQHandler
                0x080001fc                DMA2_Stream7_IRQHandler
                0x080001fc                I2C3_EV_IRQHandler
                0x080001fc                EXTI9_5_IRQHandler
                0x080001fc                RTC_WKUP_IRQHandler
                0x080001fc                ETH_WKUP_IRQHandler
                0x080001fc                SPI2_IRQHandler
                0x080001fc                OTG_HS_EP1_IN_IRQHandler
                0x080001fc                MemManage_Handler
                0x080001fc                DMA1_Stream0_IRQHandler
                0x080001fc                CAN1_TX_IRQHandler
                0x080001fc                SVC_Handler
                0x080001fc                EXTI4_IRQHandler
                0x080001fc                FSMC_IRQHandler
                0x080001fc                ETH_IRQHandler
                0x080001fc                OTG_HS_EP1_OUT_IRQHandler
                0x080001fc                WWDG_IRQHandler
                0x080001fc                TIM2_IRQHandler
                0x080001fc                OTG_FS_WKUP_IRQHandler
                0x080001fc                TIM1_TRG_COM_TIM11_IRQHandler
                0x080001fc                OTG_HS_IRQHandler
                0x080001fc                EXTI1_IRQHandler
                0x080001fc                USART2_IRQHandler
                0x080001fc                I2C2_ER_IRQHandler
                0x080001fc                DMA2_Stream1_IRQHandler
                0x080001fc                CAN1_SCE_IRQHandler
                0x080001fc                FLASH_IRQHandler
                0x080001fc                DMA2_Stream4_IRQHandler
                0x080001fc                BusFault_Handler
                0x080001fc                USART1_IRQHandler
                0x080001fc                OTG_FS_IRQHandler
                0x080001fc                SPI3_IRQHandler
                0x080001fc                DMA1_Stream4_IRQHandler
                0x080001fc                I2C1_ER_IRQHandler
                0x080001fc                DMA2_Stream6_IRQHandler
                0x080001fc                DMA1_Stream3_IRQHandler
 .text.Default_Reset_Handler
                0x08000200       0x58 ..\obj\startup_stm32f4xx.o
                0x08000200                Default_Reset_Handler
                0x08000200                Reset_Handler
 .text.startup.main
                0x08000258       0x1c ..\obj\main.o
                0x08000258                main
 .text.RCC_GetClocksFreq
                0x08000274       0x98 ..\obj\stm32f4xx_rcc.o
                0x08000274                RCC_GetClocksFreq
 .text.RCC_AHB1PeriphClockCmd
                0x0800030c       0x18 ..\obj\stm32f4xx_rcc.o
                0x0800030c                RCC_AHB1PeriphClockCmd
 .text.RCC_APB1PeriphClockCmd
                0x08000324       0x18 ..\obj\stm32f4xx_rcc.o
                0x08000324                RCC_APB1PeriphClockCmd
 .text.RCC_APB2PeriphClockCmd
                0x0800033c       0x18 ..\obj\stm32f4xx_rcc.o
                0x0800033c                RCC_APB2PeriphClockCmd
 .text.RCC_APB2PeriphResetCmd
                0x08000354       0x18 ..\obj\stm32f4xx_rcc.o
                0x08000354                RCC_APB2PeriphResetCmd
 .text.ADC_DeInit
                0x0800036c       0x1c ..\obj\stm32f4xx_adc.o
                0x0800036c                ADC_DeInit
 .text.ADC_Init
                0x08000388       0x50 ..\obj\stm32f4xx_adc.o
                0x08000388                ADC_Init
 .text.ADC_Cmd  0x080003d8       0x14 ..\obj\stm32f4xx_adc.o
                0x080003d8                ADC_Cmd
 .text.ADC_RegularChannelConfig
                0x080003ec       0x8c ..\obj\stm32f4xx_adc.o
                0x080003ec                ADC_RegularChannelConfig
 .text.ADC_GetConversionValue
                0x08000478        0x8 ..\obj\stm32f4xx_adc.o
                0x08000478                ADC_GetConversionValue
 .text.ADC_ITConfig
                0x08000480       0x1c ..\obj\stm32f4xx_adc.o
                0x08000480                ADC_ITConfig
 .text.ADC_ClearITPendingBit
                0x0800049c        0x8 ..\obj\stm32f4xx_adc.o
                0x0800049c                ADC_ClearITPendingBit
 .text.ADC1_Config
                0x080004a4       0xf4 ..\obj\adc_setup.o
                0x080004a4                ADC1_Config
 .text.DAC1_Config_All
                0x08000598       0x54 ..\obj\adc_setup.o
                0x08000598                DAC1_Config_All
 .text.ADC_IRQHandler
                0x080005ec      0x2c0 ..\obj\adc_setup.o
                0x080005ec                ADC_IRQHandler
 .text.GPIO_Init
                0x080008ac       0xb4 ..\obj\stm32f4xx_gpio.o
                0x080008ac                GPIO_Init
 .text.GPIO_StructInit
                0x08000960       0x14 ..\obj\stm32f4xx_gpio.o
                0x08000960                GPIO_StructInit
 .text.SystemInit
                0x08000974      0x100 ..\obj\system_stm32f4xx.o
                0x08000974                SystemInit
 .text.Support_Config
                0x08000a74       0x34 ..\obj\support_setup.o
                0x08000a74                Support_Config
 .text.NVIC_PriorityGroupConfig
                0x08000aa8       0x14 ..\obj\misc.o
                0x08000aa8                NVIC_PriorityGroupConfig
 .text.NVIC_Init
                0x08000abc       0x70 ..\obj\misc.o
                0x08000abc                NVIC_Init
 .text.TIM_TimeBaseInit
                0x08000b2c       0x98 ..\obj\stm32f4xx_tim.o
                0x08000b2c                TIM_TimeBaseInit
 .text.TIM_Cmd  0x08000bc4       0x1c ..\obj\stm32f4xx_tim.o
                0x08000bc4                TIM_Cmd
 .text.TIM_SelectOutputTrigger
                0x08000be0       0x18 ..\obj\stm32f4xx_tim.o
                0x08000be0                TIM_SelectOutputTrigger
 .text          0x08000bf8      0x134 c:/coocox/coide/gcc/bin/../lib/gcc/arm-none-eabi/4.9.3/../../../../arm-none-eabi/lib/armv7e-m/fpu\libg.a(lib_a-memcpy.o)
                0x08000bf8                memcpy
 *(.init)
 *(.fini)
 *crtbegin.o(.ctors)
 *crtbegin?.o(.ctors)
 *(EXCLUDE_FILE(*crtend.o *crtend?.o) .ctors)
 *(SORT(.ctors.*))
 *(.ctors)
 *crtbegin.o(.dtors)
 *crtbegin?.o(.dtors)
 *(EXCLUDE_FILE(*crtend.o *crtend?.o) .dtors)
 *(SORT(.dtors.*))
 *(.dtors)
 *(.rodata*)
 *(.eh_fram e*)

.glue_7         0x08000d2c        0x0
 .glue_7        0x00000000        0x0 linker stubs

.glue_7t        0x08000d2c        0x0
 .glue_7t       0x00000000        0x0 linker stubs

.vfp11_veneer   0x08000d2c        0x0
 .vfp11_veneer  0x00000000        0x0 linker stubs

.v4_bx          0x08000d2c        0x0
 .v4_bx         0x00000000        0x0 linker stubs

.iplt           0x08000d2c        0x0
 .iplt          0x00000000        0x0 ..\obj\stm32f4xx_dac.o

.rel.dyn        0x08000d2c        0x0
 .rel.iplt      0x00000000        0x0 ..\obj\stm32f4xx_dac.o

.ARM.extab
 *(.ARM.extab* .gnu.linkonce.armextab.*)
                0x08000d2c                __exidx_start = .

.ARM.exidx
 *(.ARM.exidx* .gnu.linkonce.armexidx.*)
                0x08000d2c                __exidx_end = .
                0x08000d2c                __etext = .
                0x08000d2c                _sidata = __etext

.data           0x20000000       0xd8 load address 0x08000d2c
                0x20000000                __data_start__ = .
                0x20000000                _sdata = __data_start__
 *(vtable)
 *(.data*)
 .data          0x20000000       0x10 ..\obj\stm32f4xx_rcc.o
 .data          0x20000010       0xc8 ..\obj\adc_setup.o
                0x20000010                highpass2
                0x20000038                lowpass
                0x2000007c                highpass
                0x200000c0                lowpass2
                0x200000d8                . = ALIGN (0x4)
                0x200000d8                PROVIDE (__preinit_array_start, .)
 *(.preinit_array)
                0x200000d8                PROVIDE (__preinit_array_end, .)
                0x200000d8                . = ALIGN (0x4)
                0x200000d8                PROVIDE (__init_array_start, .)
 *(SORT(.init_array.*))
 *(.init_array)
                0x200000d8                PROVIDE (__init_array_end, .)
                0x200000d8                . = ALIGN (0x4)
                0x200000d8                PROVIDE (__fini_array_start, .)
 *(SORT(.fini_array.*))
 *(.fini_array)
                0x200000d8                PROVIDE (__fini_array_end, .)
 *(.jcr*)
                0x200000d8                . = ALIGN (0x4)
                0x200000d8                __data_end__ = .
                0x200000d8                _edata = __data_end__

.igot.plt       0x200000d8        0x0 load address 0x08000e04
 .igot.plt      0x00000000        0x0 ..\obj\stm32f4xx_dac.o

.bss            0x200000d8      0x228 load address 0x08000e04
                0x200000d8                . = ALIGN (0x4)
                0x200000d8                __bss_start__ = .
                0x200000d8                _sbss = __bss_start__
 *(.bss*)
 .bss           0x200000d8      0x220 ..\obj\adc_setup.o
                0x20000118                value
                0x2000011c                reg_hp2
                0x20000170                reg_lp
                0x200001fc                reg_hp
                0x20000288                reg_lp2_1
                0x200002bc                temp2
                0x200002c0                reg_lp2_2
                0x200002f4                temp3
                0x200002f6                temp1
 .bss           0x200002f8        0x8 ..\obj\support_setup.o
 *(COMMON)
                0x20000300                . = ALIGN (0x4)
                0x20000300                __bss_end__ = .
                0x20000300                _ebss = __bss_end__

.heap           0x20000300        0x0
                0x20000300                __end__ = .
                0x20000300                _end = __end__
                0x20000300                end = __end__
 *(.heap*)
                0x20000300                __HeapLimit = .

.co_stack       0x20000300      0x800 load address 0x0800102c
                0x20000300                . = ALIGN (0x8)
 *(.co_stack .co_stack.*)
 .co_stack      0x20000300      0x800 ..\obj\startup_stm32f4xx.o
                0x20000300                pulStack
                0x20020000                __StackTop = (ORIGIN (ram) + 0x20000)
                0x2001f800                __StackLimit = (__StackTop - SIZEOF (.co_stack))
                0x20020000                PROVIDE (__stack, __StackTop)
                0x00000001                ASSERT ((__StackLimit >= __HeapLimit), region ram  overflowed with stack)
LOAD ..\obj\stm32f4xx_dac.o
LOAD ..\obj\startup_stm32f4xx.o
LOAD ..\obj\main.o
LOAD ..\obj\stm32f4xx_rcc.o
LOAD ..\obj\stm32f4xx_adc.o
LOAD ..\obj\adc_setup.o
LOAD ..\obj\stm32f4xx_gpio.o
LOAD ..\obj\system_stm32f4xx.o
LOAD ..\obj\support_setup.o
LOAD ..\obj\misc.o
LOAD ..\obj\stm32f4xx_tim.o
START GROUP
LOAD c:/coocox/coide/gcc/bin/../lib/gcc/arm-none-eabi/4.9.3/armv7e-m/fpu\libgcc.a
LOAD c:/coocox/coide/gcc/bin/../lib/gcc/arm-none-eabi/4.9.3/../../../../arm-none-eabi/lib/armv7e-m/fpu\libg.a
LOAD c:/coocox/coide/gcc/bin/../lib/gcc/arm-none-eabi/4.9.3/../../../../arm-none-eabi/lib/armv7e-m/fpu\libc.a
END GROUP
OUTPUT(adc_km.elf elf32-littlearm)

.debug_info     0x00000000     0x714e
 .debug_info    0x00000000      0x68f ..\obj\stm32f4xx_dac.o
 .debug_info    0x0000068f      0x131 ..\obj\startup_stm32f4xx.o
 .debug_info    0x000007c0      0x13e ..\obj\main.o
 .debug_info    0x000008fe      0xcf9 ..\obj\stm32f4xx_rcc.o
 .debug_info    0x000015f7      0xc88 ..\obj\stm32f4xx_adc.o
 .debug_info    0x0000227f     0x141c ..\obj\adc_setup.o
 .debug_info    0x0000369b      0x7d6 ..\obj\stm32f4xx_gpio.o
 .debug_info    0x00003e71      0x5b3 ..\obj\system_stm32f4xx.o
 .debug_info    0x00004424      0x31e ..\obj\support_setup.o
 .debug_info    0x00004742      0x543 ..\obj\misc.o
 .debug_info    0x00004c85     0x24c9 ..\obj\stm32f4xx_tim.o

.debug_abbrev   0x00000000     0x133b
 .debug_abbrev  0x00000000      0x1d0 ..\obj\stm32f4xx_dac.o
 .debug_abbrev  0x000001d0      0x10b ..\obj\startup_stm32f4xx.o
 .debug_abbrev  0x000002db       0xca ..\obj\main.o
 .debug_abbrev  0x000003a5      0x287 ..\obj\stm32f4xx_rcc.o
 .debug_abbrev  0x0000062c      0x1cc ..\obj\stm32f4xx_adc.o
 .debug_abbrev  0x000007f8      0x2c6 ..\obj\adc_setup.o
 .debug_abbrev  0x00000abe      0x1f6 ..\obj\stm32f4xx_gpio.o
 .debug_abbrev  0x00000cb4      0x15d ..\obj\system_stm32f4xx.o
 .debug_abbrev  0x00000e11      0x147 ..\obj\support_setup.o
 .debug_abbrev  0x00000f58      0x154 ..\obj\misc.o
 .debug_abbrev  0x000010ac      0x28f ..\obj\stm32f4xx_tim.o

.debug_loc      0x00000000     0x430f
 .debug_loc     0x00000000      0x47a ..\obj\stm32f4xx_dac.o
 .debug_loc     0x0000047a      0xb7a ..\obj\stm32f4xx_rcc.o
 .debug_loc     0x00000ff4      0xa81 ..\obj\stm32f4xx_adc.o
 .debug_loc     0x00001a75      0x333 ..\obj\adc_setup.o
 .debug_loc     0x00001da8      0x386 ..\obj\stm32f4xx_gpio.o
 .debug_loc     0x0000212e      0x13f ..\obj\system_stm32f4xx.o
 .debug_loc     0x0000226d      0x161 ..\obj\misc.o
 .debug_loc     0x000023ce     0x1f41 ..\obj\stm32f4xx_tim.o

.debug_aranges  0x00000000      0x7e8
 .debug_aranges
                0x00000000       0xa0 ..\obj\stm32f4xx_dac.o
 .debug_aranges
                0x000000a0       0x28 ..\obj\startup_stm32f4xx.o
 .debug_aranges
                0x000000c8       0x20 ..\obj\main.o
 .debug_aranges
                0x000000e8      0x178 ..\obj\stm32f4xx_rcc.o
 .debug_aranges
                0x00000260      0x148 ..\obj\stm32f4xx_adc.o
 .debug_aranges
                0x000003a8       0x58 ..\obj\adc_setup.o
 .debug_aranges
                0x00000400       0x88 ..\obj\stm32f4xx_gpio.o
 .debug_aranges
                0x00000488       0x28 ..\obj\system_stm32f4xx.o
 .debug_aranges
                0x000004b0       0x20 ..\obj\support_setup.o
 .debug_aranges
                0x000004d0       0x40 ..\obj\misc.o
 .debug_aranges
                0x00000510      0x2d8 ..\obj\stm32f4xx_tim.o

.debug_ranges   0x00000000      0x9a0
 .debug_ranges  0x00000000       0x90 ..\obj\stm32f4xx_dac.o
 .debug_ranges  0x00000090       0x18 ..\obj\startup_stm32f4xx.o
 .debug_ranges  0x000000a8       0x10 ..\obj\main.o
 .debug_ranges  0x000000b8      0x188 ..\obj\stm32f4xx_rcc.o
 .debug_ranges  0x00000240      0x138 ..\obj\stm32f4xx_adc.o
 .debug_ranges  0x00000378      0x1d0 ..\obj\adc_setup.o
 .debug_ranges  0x00000548       0x78 ..\obj\stm32f4xx_gpio.o
 .debug_ranges  0x000005c0       0x30 ..\obj\system_stm32f4xx.o
 .debug_ranges  0x000005f0       0x10 ..\obj\support_setup.o
 .debug_ranges  0x00000600       0x30 ..\obj\misc.o
 .debug_ranges  0x00000630      0x370 ..\obj\stm32f4xx_tim.o

.debug_line     0x00000000     0x270c
 .debug_line    0x00000000      0x31a ..\obj\stm32f4xx_dac.o
 .debug_line    0x0000031a       0x8f ..\obj\startup_stm32f4xx.o
 .debug_line    0x000003a9      0x163 ..\obj\main.o
 .debug_line    0x0000050c      0x53d ..\obj\stm32f4xx_rcc.o
 .debug_line    0x00000a49      0x524 ..\obj\stm32f4xx_adc.o
 .debug_line    0x00000f6d      0x384 ..\obj\adc_setup.o
 .debug_line    0x000012f1      0x32c ..\obj\stm32f4xx_gpio.o
 .debug_line    0x0000161d      0x18c ..\obj\system_stm32f4xx.o
 .debug_line    0x000017a9      0x19d ..\obj\support_setup.o
 .debug_line    0x00001946      0x1ec ..\obj\misc.o
 .debug_line    0x00001b32      0xbda ..\obj\stm32f4xx_tim.o

.debug_str      0x00000000     0x297d
 .debug_str     0x00000000      0x406 ..\obj\stm32f4xx_dac.o
                                0x480 (size before relaxing)
 .debug_str     0x00000406       0xaf ..\obj\startup_stm32f4xx.o
                                0x169 (size before relaxing)
 .debug_str     0x000004b5       0x6a ..\obj\main.o
                                0x1da (size before relaxing)
 .debug_str     0x0000051f      0x65e ..\obj\stm32f4xx_rcc.o
                                0x866 (size before relaxing)
 .debug_str     0x00000b7d      0x617 ..\obj\stm32f4xx_adc.o
                                0x831 (size before relaxing)
 .debug_str     0x00001194      0x9d5 ..\obj\adc_setup.o
                                0xe9e (size before relaxing)
 .debug_str     0x00001b69      0x177 ..\obj\stm32f4xx_gpio.o
                                0x4e0 (size before relaxing)
 .debug_str     0x00001ce0      0x100 ..\obj\system_stm32f4xx.o
                                0x3c0 (size before relaxing)
 .debug_str     0x00001de0       0x2b ..\obj\support_setup.o
                                0x385 (size before relaxing)
 .debug_str     0x00001e0b      0x12a ..\obj\misc.o
                                0x3e4 (size before relaxing)
 .debug_str     0x00001f35      0xa48 ..\obj\stm32f4xx_tim.o
                                0xe14 (size before relaxing)

.comment        0x00000000       0x70
 .comment       0x00000000       0x70 ..\obj\stm32f4xx_dac.o
                                 0x71 (size before relaxing)
 .comment       0x00000000       0x71 ..\obj\startup_stm32f4xx.o
 .comment       0x00000000       0x71 ..\obj\main.o
 .comment       0x00000000       0x71 ..\obj\stm32f4xx_rcc.o
 .comment       0x00000000       0x71 ..\obj\stm32f4xx_adc.o
 .comment       0x00000000       0x71 ..\obj\adc_setup.o
 .comment       0x00000000       0x71 ..\obj\stm32f4xx_gpio.o
 .comment       0x00000000       0x71 ..\obj\system_stm32f4xx.o
 .comment       0x00000000       0x71 ..\obj\support_setup.o
 .comment       0x00000000       0x71 ..\obj\misc.o
 .comment       0x00000000       0x71 ..\obj\stm32f4xx_tim.o

.ARM.attributes
                0x00000000       0x37
 .ARM.attributes
                0x00000000       0x39 ..\obj\stm32f4xx_dac.o
 .ARM.attributes
                0x00000039       0x39 ..\obj\startup_stm32f4xx.o
 .ARM.attributes
                0x00000072       0x39 ..\obj\main.o
 .ARM.attributes
                0x000000ab       0x39 ..\obj\stm32f4xx_rcc.o
 .ARM.attributes
                0x000000e4       0x39 ..\obj\stm32f4xx_adc.o
 .ARM.attributes
                0x0000011d       0x39 ..\obj\adc_setup.o
 .ARM.attributes
                0x00000156       0x39 ..\obj\stm32f4xx_gpio.o
 .ARM.attributes
                0x0000018f       0x39 ..\obj\system_stm32f4xx.o
 .ARM.attributes
                0x000001c8       0x39 ..\obj\support_setup.o
 .ARM.attributes
                0x00000201       0x39 ..\obj\misc.o
 .ARM.attributes
                0x0000023a       0x39 ..\obj\stm32f4xx_tim.o
 .ARM.attributes
                0x00000273       0x20 c:/coocox/coide/gcc/bin/../lib/gcc/arm-none-eabi/4.9.3/../../../../arm-none-eabi/lib/armv7e-m/fpu\libg.a(lib_a-memcpy.o)

.debug_frame    0x00000000     0x11f8
 .debug_frame   0x00000000      0x158 ..\obj\stm32f4xx_dac.o
 .debug_frame   0x00000158       0x3c ..\obj\startup_stm32f4xx.o
 .debug_frame   0x00000194       0x28 ..\obj\main.o
 .debug_frame   0x000001bc      0x2f0 ..\obj\stm32f4xx_rcc.o
 .debug_frame   0x000004ac      0x2e4 ..\obj\stm32f4xx_adc.o
 .debug_frame   0x00000790      0x128 ..\obj\adc_setup.o
 .debug_frame   0x000008b8      0x164 ..\obj\stm32f4xx_gpio.o
 .debug_frame   0x00000a1c       0x3c ..\obj\system_stm32f4xx.o
 .debug_frame   0x00000a58       0x34 ..\obj\support_setup.o
 .debug_frame   0x00000a8c       0x74 ..\obj\misc.o
 .debug_frame   0x00000b00      0x6f8 ..\obj\stm32f4xx_tim.o
